###############################################################################
#
# IAR ELF Linker V8.11.3.13950/W32 for ARM                10/Dec/2017  18:55:48
# Copyright 2007-2017 IAR Systems AB.
#
#    Output file  =  
#        C:\Users\Selim-Pc\Documents\STM32-WORKING\working\timer_basic\EWARM\timer_basic\Exe\timer_basic.out
#    Map file     =  
#        C:\Users\Selim-Pc\Documents\STM32-WORKING\working\timer_basic\EWARM\timer_basic\List\timer_basic.map
#    Command line =  
#        -f C:\Users\Selim-Pc\AppData\Local\Temp\EW18CE.tmp
#        (C:\Users\Selim-Pc\Documents\STM32-WORKING\working\timer_basic\EWARM\timer_basic\Obj\main.o
#        C:\Users\Selim-Pc\Documents\STM32-WORKING\working\timer_basic\EWARM\timer_basic\Obj\startup_stm32f407xx.o
#        C:\Users\Selim-Pc\Documents\STM32-WORKING\working\timer_basic\EWARM\timer_basic\Obj\stm32f4xx_hal.o
#        C:\Users\Selim-Pc\Documents\STM32-WORKING\working\timer_basic\EWARM\timer_basic\Obj\stm32f4xx_hal_cortex.o
#        C:\Users\Selim-Pc\Documents\STM32-WORKING\working\timer_basic\EWARM\timer_basic\Obj\stm32f4xx_hal_dma.o
#        C:\Users\Selim-Pc\Documents\STM32-WORKING\working\timer_basic\EWARM\timer_basic\Obj\stm32f4xx_hal_dma_ex.o
#        C:\Users\Selim-Pc\Documents\STM32-WORKING\working\timer_basic\EWARM\timer_basic\Obj\stm32f4xx_hal_flash.o
#        C:\Users\Selim-Pc\Documents\STM32-WORKING\working\timer_basic\EWARM\timer_basic\Obj\stm32f4xx_hal_flash_ex.o
#        C:\Users\Selim-Pc\Documents\STM32-WORKING\working\timer_basic\EWARM\timer_basic\Obj\stm32f4xx_hal_flash_ramfunc.o
#        C:\Users\Selim-Pc\Documents\STM32-WORKING\working\timer_basic\EWARM\timer_basic\Obj\stm32f4xx_hal_gpio.o
#        C:\Users\Selim-Pc\Documents\STM32-WORKING\working\timer_basic\EWARM\timer_basic\Obj\stm32f4xx_hal_msp.o
#        C:\Users\Selim-Pc\Documents\STM32-WORKING\working\timer_basic\EWARM\timer_basic\Obj\stm32f4xx_hal_pwr.o
#        C:\Users\Selim-Pc\Documents\STM32-WORKING\working\timer_basic\EWARM\timer_basic\Obj\stm32f4xx_hal_pwr_ex.o
#        C:\Users\Selim-Pc\Documents\STM32-WORKING\working\timer_basic\EWARM\timer_basic\Obj\stm32f4xx_hal_rcc.o
#        C:\Users\Selim-Pc\Documents\STM32-WORKING\working\timer_basic\EWARM\timer_basic\Obj\stm32f4xx_hal_rcc_ex.o
#        C:\Users\Selim-Pc\Documents\STM32-WORKING\working\timer_basic\EWARM\timer_basic\Obj\stm32f4xx_hal_tim.o
#        C:\Users\Selim-Pc\Documents\STM32-WORKING\working\timer_basic\EWARM\timer_basic\Obj\stm32f4xx_hal_tim_ex.o
#        C:\Users\Selim-Pc\Documents\STM32-WORKING\working\timer_basic\EWARM\timer_basic\Obj\stm32f4xx_it.o
#        C:\Users\Selim-Pc\Documents\STM32-WORKING\working\timer_basic\EWARM\timer_basic\Obj\system_stm32f4xx.o
#        --redirect _Printf=_PrintfFull --redirect _Scanf=_ScanfFull -o
#        C:\Users\Selim-Pc\Documents\STM32-WORKING\working\timer_basic\EWARM\timer_basic\Exe\timer_basic.out
#        --map
#        C:\Users\Selim-Pc\Documents\STM32-WORKING\working\timer_basic\EWARM\timer_basic\List\timer_basic.map
#        --config
#        C:\Users\Selim-Pc\Documents\STM32-WORKING\working\timer_basic\EWARM/stm32f407xx_flash.icf
#        --semihosting --entry __iar_program_start --vfe --text_out locale)
#
###############################################################################

*******************************************************************************
*** RUNTIME MODEL ATTRIBUTES
***

CppFlavor       = *
__SystemLibrary = DLib
__dlib_version  = 6


*******************************************************************************
*** HEAP SELECTION
***

The basic heap was selected because some modules are built with
size limitations (and not runtime checking), and --advanced_heap
was not specified.


*******************************************************************************
*** PLACEMENT SUMMARY
***

"A0":  place at 0x08000000 { ro section .intvec };
"P1":  place in [from 0x08000000 to 0x080fffff] { ro };
define block CSTACK with size = 1K, alignment = 8 { };
define block HEAP with size = 512, alignment = 8 { };
"P2":  place in [from 0x20000000 to 0x2001ffff] {
          rw, block CSTACK, block HEAP };
initialize by copy { rw };

  Section            Kind        Address    Size  Object
  -------            ----        -------    ----  ------
"A0":                                      0x188
  .intvec            ro code  0x08000000   0x188  startup_stm32f407xx.o [1]
                            - 0x08000188   0x188

"P1":                                     0x1196
  .text              ro code  0x08000188   0x39a  stm32f4xx_hal_tim.o [1]
  .text              ro code  0x08000524    0xa0  stm32f4xx_hal_msp.o [1]
  .text              ro code  0x080005c4     0x2  stm32f4xx_hal_tim.o [1]
  .text              ro code  0x080005c6     0x2  stm32f4xx_hal_tim.o [1]
  .text              ro code  0x080005c8     0x2  stm32f4xx_hal_tim.o [1]
  .text              ro code  0x080005ca     0x2  stm32f4xx_hal_tim_ex.o [1]
  .text              ro code  0x080005cc     0x2  stm32f4xx_hal_tim.o [1]
  .text              ro code  0x080005ce     0x2  stm32f4xx_hal_tim_ex.o [1]
  .text              ro code  0x080005d0     0x2  stm32f4xx_hal_tim.o [1]
  .text              ro code  0x080005d4    0xe6  stm32f4xx_hal_cortex.o [1]
  .text              ro code  0x080006bc   0x2d4  stm32f4xx_hal_rcc.o [1]
  .text              ro code  0x08000990     0xc  stm32f4xx_hal.o [1]
  .text              ro code  0x0800099c   0x1e0  stm32f4xx_hal_gpio.o [1]
  .text              ro code  0x08000b7c   0x19c  main.o [1]
  .text              ro code  0x08000d18    0x34  stm32f4xx_hal.o [1]
  .text              ro code  0x08000d4c   0x178  stm32f4xx_hal_rcc.o [1]
  .text              ro code  0x08000ec4    0x4a  stm32f4xx_hal_tim_ex.o [1]
  .text              ro code  0x08000f10    0x28  stm32f4xx_hal.o [1]
  .text              ro code  0x08000f38    0xee  I64DivMod.o [5]
  .text              ro code  0x08001028     0x2  I64DivZer.o [5]
  .text              ro code  0x0800102c    0x60  system_stm32f4xx.o [1]
  .text              ro code  0x0800108c    0x38  packbits_init_single.o [5]
  .text              ro code  0x080010c4    0x30  stm32f4xx_it.o [1]
  .text              ro code  0x080010f4    0x10  stm32f4xx_hal.o [1]
  .text              ro code  0x08001104    0x28  data_init.o [5]
  .text              ro code  0x0800112c    0x22  fpinit_M.o [4]
  .iar.init_table    const    0x08001150    0x10  - Linker created -
  .text              ro code  0x08001160    0x1a  cmain.o [5]
  .text              ro code  0x0800117a     0x4  low_level_init.o [3]
  .text              ro code  0x0800117e     0x4  exit.o [3]
  .text              ro code  0x08001184     0xa  cexit.o [5]
  .text              ro code  0x08001190    0x14  exit.o [6]
  .text              ro code  0x080011a4    0x10  startup_stm32f407xx.o [1]
  .text              ro code  0x080011b4     0xc  cstartup_M.o [5]
  .text              ro code  0x080011c0     0x4  startup_stm32f407xx.o [1]
  .text              ro code  0x080011c4     0x4  startup_stm32f407xx.o [1]
  .text              ro code  0x080011c8     0x4  startup_stm32f407xx.o [1]
  .text              ro code  0x080011cc     0x4  startup_stm32f407xx.o [1]
  .text              ro code  0x080011d0     0x4  startup_stm32f407xx.o [1]
  .text              ro code  0x080011d4     0x4  startup_stm32f407xx.o [1]
  .text              ro code  0x080011d8     0x4  startup_stm32f407xx.o [1]
  .text              ro code  0x080011dc     0x4  startup_stm32f407xx.o [1]
  .text              ro code  0x080011e0     0x4  startup_stm32f407xx.o [1]
  .text              ro code  0x080011e4     0x4  startup_stm32f407xx.o [1]
  .text              ro code  0x080011e8     0x4  startup_stm32f407xx.o [1]
  .text              ro code  0x080011ec     0x4  startup_stm32f407xx.o [1]
  .text              ro code  0x080011f0     0x4  startup_stm32f407xx.o [1]
  .text              ro code  0x080011f4     0x4  startup_stm32f407xx.o [1]
  .text              ro code  0x080011f8     0x4  startup_stm32f407xx.o [1]
  .text              ro code  0x080011fc     0x4  startup_stm32f407xx.o [1]
  .text              ro code  0x08001200     0x4  startup_stm32f407xx.o [1]
  .text              ro code  0x08001204     0x4  startup_stm32f407xx.o [1]
  .text              ro code  0x08001208     0x4  startup_stm32f407xx.o [1]
  .text              ro code  0x0800120c     0x4  startup_stm32f407xx.o [1]
  .text              ro code  0x08001210     0x4  startup_stm32f407xx.o [1]
  .text              ro code  0x08001214     0x4  startup_stm32f407xx.o [1]
  .text              ro code  0x08001218     0x4  startup_stm32f407xx.o [1]
  .text              ro code  0x0800121c     0x4  startup_stm32f407xx.o [1]
  .text              ro code  0x08001220     0x4  startup_stm32f407xx.o [1]
  .text              ro code  0x08001224     0x4  startup_stm32f407xx.o [1]
  .text              ro code  0x08001228     0x4  startup_stm32f407xx.o [1]
  .text              ro code  0x0800122c     0x4  startup_stm32f407xx.o [1]
  .text              ro code  0x08001230     0x4  startup_stm32f407xx.o [1]
  .text              ro code  0x08001234     0x4  startup_stm32f407xx.o [1]
  .text              ro code  0x08001238     0x4  startup_stm32f407xx.o [1]
  .text              ro code  0x0800123c     0x4  startup_stm32f407xx.o [1]
  .text              ro code  0x08001240     0x4  startup_stm32f407xx.o [1]
  .text              ro code  0x08001244     0x4  startup_stm32f407xx.o [1]
  .text              ro code  0x08001248     0x4  startup_stm32f407xx.o [1]
  .text              ro code  0x0800124c     0x4  startup_stm32f407xx.o [1]
  .text              ro code  0x08001250     0x4  startup_stm32f407xx.o [1]
  .text              ro code  0x08001254     0x4  startup_stm32f407xx.o [1]
  .text              ro code  0x08001258     0x4  startup_stm32f407xx.o [1]
  .text              ro code  0x0800125c     0x4  startup_stm32f407xx.o [1]
  .text              ro code  0x08001260     0x4  startup_stm32f407xx.o [1]
  .text              ro code  0x08001264     0x4  startup_stm32f407xx.o [1]
  .text              ro code  0x08001268     0x4  startup_stm32f407xx.o [1]
  .text              ro code  0x0800126c     0x4  startup_stm32f407xx.o [1]
  .text              ro code  0x08001270     0x4  startup_stm32f407xx.o [1]
  .text              ro code  0x08001274     0x4  startup_stm32f407xx.o [1]
  .text              ro code  0x08001278     0x4  startup_stm32f407xx.o [1]
  .text              ro code  0x0800127c     0x4  startup_stm32f407xx.o [1]
  .text              ro code  0x08001280     0x4  startup_stm32f407xx.o [1]
  .text              ro code  0x08001284     0x4  startup_stm32f407xx.o [1]
  .text              ro code  0x08001288     0x4  startup_stm32f407xx.o [1]
  .text              ro code  0x0800128c     0x4  startup_stm32f407xx.o [1]
  .text              ro code  0x08001290     0x4  startup_stm32f407xx.o [1]
  .text              ro code  0x08001294     0x4  startup_stm32f407xx.o [1]
  .text              ro code  0x08001298     0x4  startup_stm32f407xx.o [1]
  .text              ro code  0x0800129c     0x4  startup_stm32f407xx.o [1]
  .text              ro code  0x080012a0     0x4  startup_stm32f407xx.o [1]
  .text              ro code  0x080012a4     0x4  startup_stm32f407xx.o [1]
  .text              ro code  0x080012a8     0x4  startup_stm32f407xx.o [1]
  .text              ro code  0x080012ac     0x4  startup_stm32f407xx.o [1]
  .text              ro code  0x080012b0     0x4  startup_stm32f407xx.o [1]
  .text              ro code  0x080012b4     0x4  startup_stm32f407xx.o [1]
  .text              ro code  0x080012b8     0x4  startup_stm32f407xx.o [1]
  .text              ro code  0x080012bc     0x4  startup_stm32f407xx.o [1]
  .text              ro code  0x080012c0     0x4  startup_stm32f407xx.o [1]
  .text              ro code  0x080012c4     0x4  startup_stm32f407xx.o [1]
  .text              ro code  0x080012c8     0x4  startup_stm32f407xx.o [1]
  .text              ro code  0x080012cc     0x4  startup_stm32f407xx.o [1]
  .text              ro code  0x080012d0     0x4  startup_stm32f407xx.o [1]
  .text              ro code  0x080012d4     0x4  startup_stm32f407xx.o [1]
  .text              ro code  0x080012d8     0x4  startup_stm32f407xx.o [1]
  .text              ro code  0x080012dc     0x4  startup_stm32f407xx.o [1]
  .text              ro code  0x080012e0     0x4  startup_stm32f407xx.o [1]
  .text              ro code  0x080012e4     0x4  startup_stm32f407xx.o [1]
  .text              ro code  0x080012e8     0x4  startup_stm32f407xx.o [1]
  .text              ro code  0x080012ec     0x4  startup_stm32f407xx.o [1]
  .text              ro code  0x080012f0     0x4  startup_stm32f407xx.o [1]
  .text              ro code  0x080012f4     0x4  startup_stm32f407xx.o [1]
  .text              ro code  0x080012f8     0x4  startup_stm32f407xx.o [1]
  .text              ro code  0x080012fc     0x4  startup_stm32f407xx.o [1]
  .text              ro code  0x08001300     0x4  startup_stm32f407xx.o [1]
  .text              ro code  0x08001304     0x4  startup_stm32f407xx.o [1]
  .text              ro code  0x08001308     0x4  startup_stm32f407xx.o [1]
  .text              ro code  0x0800130c     0x4  startup_stm32f407xx.o [1]
  .text              ro code  0x08001310     0x4  startup_stm32f407xx.o [1]
  .text              ro code  0x08001314     0x4  startup_stm32f407xx.o [1]
  .rodata            const    0x08001318     0x0  packbits_init_single.o [5]
  Initializer bytes  const    0x08001318     0x6  <for P2-1>
                            - 0x0800131e  0x1196

"P2", part 1 of 2:                          0x48
  P2-1                        0x20000000    0x48  <Init block>
    .data            inited   0x20000000     0x4  system_stm32f4xx.o [1]
    .bss             inited   0x20000004    0x40  main.o [1]
    .bss             inited   0x20000044     0x4  stm32f4xx_hal.o [1]
                            - 0x20000048    0x48

"P2", part 2 of 2:                         0x400
  CSTACK                      0x20000048   0x400  <Block>
    CSTACK           uninit   0x20000048   0x400  <Block tail>
                            - 0x20000448   0x400


*******************************************************************************
*** INIT TABLE
***

          Address     Size
          -------     ----
Copy/packbits (__iar_packbits_init_single3)
    1 source range, total size 0x6 (8% of destination):
          0x08001318   0x6
    1 destination range, total size 0x48:
          0x20000000  0x48



*******************************************************************************
*** MODULE SUMMARY
***

    Module                  ro code  ro data  rw data
    ------                  -------  -------  -------
C:\Users\Selim-Pc\Documents\STM32-WORKING\working\timer_basic\EWARM\timer_basic\Obj: [1]
    main.o                      412        5       64
    startup_stm32f407xx.o       752
    stm32f4xx_hal.o             120        1        4
    stm32f4xx_hal_cortex.o      230
    stm32f4xx_hal_gpio.o        480
    stm32f4xx_hal_msp.o         160
    stm32f4xx_hal_rcc.o       1 100
    stm32f4xx_hal_tim.o         932
    stm32f4xx_hal_tim_ex.o       78
    stm32f4xx_it.o               48
    system_stm32f4xx.o           96                 4
    -------------------------------------------------
    Total:                    4 408        6       72

command line: [2]
    -------------------------------------------------
    Total:

dl7M_tlf.a: [3]
    exit.o                        4
    low_level_init.o              4
    -------------------------------------------------
    Total:                        8

m7M_tls.a: [4]
    fpinit_M.o                   34
    -------------------------------------------------
    Total:                       34

rt7M_tl.a: [5]
    I64DivMod.o                 238
    I64DivZer.o                   2
    cexit.o                      10
    cmain.o                      26
    cstartup_M.o                 12
    data_init.o                  40
    packbits_init_single.o       56
    -------------------------------------------------
    Total:                      384

shb_l.a: [6]
    exit.o                       20
    -------------------------------------------------
    Total:                       20

    Gaps                         16        2
    Linker created                        16    1 024
-----------------------------------------------------
    Grand Total:              4 870       24    1 096


*******************************************************************************
*** ENTRY LIST
***

Entry                      Address   Size  Type      Object
-----                      -------   ----  ----      ------
.iar.init_table$$Base   0x08001150          --   Gb  - Linker created -
.iar.init_table$$Limit  0x08001160          --   Gb  - Linker created -
?main                   0x08001161         Code  Gb  cmain.o [5]
AHBPrescTable           0x0800107c   0x10  Data  Gb  system_stm32f4xx.o [1]
CSTACK$$Base            0x20000048          --   Gb  - Linker created -
CSTACK$$Limit           0x20000448          --   Gb  - Linker created -
HAL_GPIO_Init           0x0800099d  0x19e  Code  Gb  stm32f4xx_hal_gpio.o [1]
HAL_GPIO_TogglePin      0x08000b47    0x8  Code  Gb  stm32f4xx_hal_gpio.o [1]
HAL_GPIO_WritePin       0x08000b3b    0xc  Code  Gb  stm32f4xx_hal_gpio.o [1]
HAL_GetTick             0x08000991    0xc  Code  Wk  stm32f4xx_hal.o [1]
HAL_IncTick             0x080010f5   0x10  Code  Wk  stm32f4xx_hal.o [1]
HAL_Init                0x08000d19   0x30  Code  Gb  stm32f4xx_hal.o [1]
HAL_InitTick            0x08000f11   0x28  Code  Wk  stm32f4xx_hal.o [1]
HAL_MspInit             0x08000525   0x60  Code  Gb  stm32f4xx_hal_msp.o [1]
HAL_NVIC_EnableIRQ      0x08000647    0xa  Code  Gb  stm32f4xx_hal_cortex.o [1]
HAL_NVIC_SetPriority    0x0800060d   0x3a  Code  Gb  stm32f4xx_hal_cortex.o [1]
HAL_NVIC_SetPriorityGrouping
                        0x080005f3   0x1a  Code  Gb  stm32f4xx_hal_cortex.o [1]
HAL_RCC_ClockConfig     0x08000d4d   0xfe  Code  Gb  stm32f4xx_hal_rcc.o [1]
HAL_RCC_GetHCLKFreq     0x08000e57    0x6  Code  Gb  stm32f4xx_hal_rcc.o [1]
HAL_RCC_OscConfig       0x080006bd  0x2d4  Code  Wk  stm32f4xx_hal_rcc.o [1]
HAL_SYSTICK_CLKSourceConfig
                        0x08000683   0x1a  Code  Gb  stm32f4xx_hal_cortex.o [1]
HAL_SYSTICK_Config      0x0800065b   0x28  Code  Gb  stm32f4xx_hal_cortex.o [1]
HAL_SYSTICK_IRQHandler  0x080006b5    0x4  Code  Gb  stm32f4xx_hal_cortex.o [1]
HAL_TIMEx_BreakCallback
                        0x080005cb    0x2  Code  Wk  stm32f4xx_hal_tim_ex.o [1]
HAL_TIMEx_CommutationCallback
                        0x080005cf    0x2  Code  Wk  stm32f4xx_hal_tim_ex.o [1]
HAL_TIMEx_MasterConfigSynchronization
                        0x08000ec5   0x4a  Code  Gb  stm32f4xx_hal_tim_ex.o [1]
HAL_TIM_Base_Init       0x08000189   0x1a  Code  Gb  stm32f4xx_hal_tim.o [1]
HAL_TIM_Base_MspInit    0x08000585   0x36  Code  Gb  stm32f4xx_hal_msp.o [1]
HAL_TIM_Base_Start_IT   0x080001a3   0x16  Code  Gb  stm32f4xx_hal_tim.o [1]
HAL_TIM_ConfigClockSource
                        0x08000325   0xac  Code  Gb  stm32f4xx_hal_tim.o [1]
HAL_TIM_IRQHandler      0x080001dd  0x142  Code  Gb  stm32f4xx_hal_tim.o [1]
MX_TIM4_Init            0x08000cb1   0x50  Code  Lc  main.o [1]
NVIC_SetPriority        0x080005d5   0x1e  Code  Lc  stm32f4xx_hal_cortex.o [1]
PendSV_Handler          0x080010c7    0x2  Code  Gb  stm32f4xx_it.o [1]
Region$$Table$$Base     0x08001150          --   Gb  - Linker created -
Region$$Table$$Limit    0x08001160          --   Gb  - Linker created -
SVC_Handler             0x080010c5    0x2  Code  Gb  stm32f4xx_it.o [1]
SysTick_Handler         0x080010c9    0xe  Code  Gb  stm32f4xx_it.o [1]
SystemClock_Config      0x08000c05   0xac  Code  Gb  main.o [1]
SystemCoreClock         0x20000000    0x4  Data  Gb  system_stm32f4xx.o [1]
SystemInit              0x0800102d   0x3a  Code  Gb  system_stm32f4xx.o [1]
TIM4_IRQHandler         0x080010d7   0x16  Code  Gb  stm32f4xx_it.o [1]
TIM_Base_SetConfig      0x080003f9   0x8e  Code  Gb  stm32f4xx_hal_tim.o [1]
TIM_ETR_SetConfig       0x0800050f   0x14  Code  Lc  stm32f4xx_hal_tim.o [1]
TIM_ITRx_SetConfig      0x080004ff   0x10  Code  Lc  stm32f4xx_hal_tim.o [1]
TIM_TI1_ConfigInputStage
                        0x080004b9   0x1c  Code  Lc  stm32f4xx_hal_tim.o [1]
TIM_TI2_ConfigInputStage
                        0x080004db   0x24  Code  Lc  stm32f4xx_hal_tim.o [1]
__aeabi_ldiv0           0x08001029         Code  Gb  I64DivZer.o [5]
__aeabi_uldivmod        0x08000f39         Code  Gb  I64DivMod.o [5]
__cmain                 0x08001161         Code  Gb  cmain.o [5]
__exit                  0x08001191   0x14  Code  Gb  exit.o [6]
__iar_data_init3        0x08001105   0x28  Code  Gb  data_init.o [5]
__iar_init_vfp          0x0800112d         Code  Gb  fpinit_M.o [4]
__iar_packbits_init_single3
                        0x0800108d   0x38  Code  Gb  packbits_init_single.o [5]
__iar_program_start     0x080011b5         Code  Gb  cstartup_M.o [5]
__iar_systems$$module {Abs}
                        0x00000001         Data  Gb  command line/config [2]
__low_level_init        0x0800117b    0x4  Code  Gb  low_level_init.o [3]
__vector_table          0x08000000         Data  Gb  startup_stm32f407xx.o [1]
_call_main              0x0800116d         Code  Gb  cmain.o [5]
_exit                   0x08001185         Code  Gb  cexit.o [5]
_main                   0x08001177         Code  Gb  cmain.o [5]
count                   0x20000040    0x4  Data  Gb  main.o [1]
exit                    0x0800117f    0x4  Code  Gb  exit.o [3]
htim4                   0x20000004   0x3c  Data  Gb  main.o [1]
main                    0x08000b7d   0x88  Code  Gb  main.o [1]
uwTick                  0x20000044    0x4  Data  Gb  stm32f4xx_hal.o [1]


[1] = C:\Users\Selim-Pc\Documents\STM32-WORKING\working\timer_basic\EWARM\timer_basic\Obj
[2] = command line
[3] = dl7M_tlf.a
[4] = m7M_tls.a
[5] = rt7M_tl.a
[6] = shb_l.a

  4 870 bytes of readonly  code memory
     24 bytes of readonly  data memory
  1 096 bytes of readwrite data memory

Errors: none
Warnings: none
