###############################################################################
#
# IAR ELF Linker V8.11.3.13950/W32 for ARM                30/Dec/2017  20:54:36
# Copyright 2007-2017 IAR Systems AB.
#
#    Output file  =  
#        C:\Users\Selim-Pc\Documents\STM32-WORKING\working\use_adc_for_timer\EWARM\use_adc_for_timer\Exe\use_adc_for_timer.out
#    Map file     =  
#        C:\Users\Selim-Pc\Documents\STM32-WORKING\working\use_adc_for_timer\EWARM\use_adc_for_timer\List\use_adc_for_timer.map
#    Command line =  
#        -f C:\Users\Selim-Pc\AppData\Local\Temp\EWD9E6.tmp
#        (C:\Users\Selim-Pc\Documents\STM32-WORKING\working\use_adc_for_timer\EWARM\use_adc_for_timer\Obj\main.o
#        C:\Users\Selim-Pc\Documents\STM32-WORKING\working\use_adc_for_timer\EWARM\use_adc_for_timer\Obj\startup_stm32f407xx.o
#        C:\Users\Selim-Pc\Documents\STM32-WORKING\working\use_adc_for_timer\EWARM\use_adc_for_timer\Obj\stm32f4xx_hal.o
#        C:\Users\Selim-Pc\Documents\STM32-WORKING\working\use_adc_for_timer\EWARM\use_adc_for_timer\Obj\stm32f4xx_hal_adc.o
#        C:\Users\Selim-Pc\Documents\STM32-WORKING\working\use_adc_for_timer\EWARM\use_adc_for_timer\Obj\stm32f4xx_hal_adc_ex.o
#        C:\Users\Selim-Pc\Documents\STM32-WORKING\working\use_adc_for_timer\EWARM\use_adc_for_timer\Obj\stm32f4xx_hal_cortex.o
#        C:\Users\Selim-Pc\Documents\STM32-WORKING\working\use_adc_for_timer\EWARM\use_adc_for_timer\Obj\stm32f4xx_hal_dma.o
#        C:\Users\Selim-Pc\Documents\STM32-WORKING\working\use_adc_for_timer\EWARM\use_adc_for_timer\Obj\stm32f4xx_hal_dma_ex.o
#        C:\Users\Selim-Pc\Documents\STM32-WORKING\working\use_adc_for_timer\EWARM\use_adc_for_timer\Obj\stm32f4xx_hal_flash.o
#        C:\Users\Selim-Pc\Documents\STM32-WORKING\working\use_adc_for_timer\EWARM\use_adc_for_timer\Obj\stm32f4xx_hal_flash_ex.o
#        C:\Users\Selim-Pc\Documents\STM32-WORKING\working\use_adc_for_timer\EWARM\use_adc_for_timer\Obj\stm32f4xx_hal_flash_ramfunc.o
#        C:\Users\Selim-Pc\Documents\STM32-WORKING\working\use_adc_for_timer\EWARM\use_adc_for_timer\Obj\stm32f4xx_hal_gpio.o
#        C:\Users\Selim-Pc\Documents\STM32-WORKING\working\use_adc_for_timer\EWARM\use_adc_for_timer\Obj\stm32f4xx_hal_msp.o
#        C:\Users\Selim-Pc\Documents\STM32-WORKING\working\use_adc_for_timer\EWARM\use_adc_for_timer\Obj\stm32f4xx_hal_pwr.o
#        C:\Users\Selim-Pc\Documents\STM32-WORKING\working\use_adc_for_timer\EWARM\use_adc_for_timer\Obj\stm32f4xx_hal_pwr_ex.o
#        C:\Users\Selim-Pc\Documents\STM32-WORKING\working\use_adc_for_timer\EWARM\use_adc_for_timer\Obj\stm32f4xx_hal_rcc.o
#        C:\Users\Selim-Pc\Documents\STM32-WORKING\working\use_adc_for_timer\EWARM\use_adc_for_timer\Obj\stm32f4xx_hal_rcc_ex.o
#        C:\Users\Selim-Pc\Documents\STM32-WORKING\working\use_adc_for_timer\EWARM\use_adc_for_timer\Obj\stm32f4xx_hal_tim.o
#        C:\Users\Selim-Pc\Documents\STM32-WORKING\working\use_adc_for_timer\EWARM\use_adc_for_timer\Obj\stm32f4xx_hal_tim_ex.o
#        C:\Users\Selim-Pc\Documents\STM32-WORKING\working\use_adc_for_timer\EWARM\use_adc_for_timer\Obj\stm32f4xx_it.o
#        C:\Users\Selim-Pc\Documents\STM32-WORKING\working\use_adc_for_timer\EWARM\use_adc_for_timer\Obj\system_stm32f4xx.o
#        --redirect _Printf=_PrintfFull --redirect _Scanf=_ScanfFull -o
#        C:\Users\Selim-Pc\Documents\STM32-WORKING\working\use_adc_for_timer\EWARM\use_adc_for_timer\Exe\use_adc_for_timer.out
#        --map
#        C:\Users\Selim-Pc\Documents\STM32-WORKING\working\use_adc_for_timer\EWARM\use_adc_for_timer\List\use_adc_for_timer.map
#        --config
#        C:\Users\Selim-Pc\Documents\STM32-WORKING\working\use_adc_for_timer\EWARM/stm32f407xx_flash.icf
#        --semihosting --entry __iar_program_start --vfe --text_out locale)
#
###############################################################################

*******************************************************************************
*** RUNTIME MODEL ATTRIBUTES
***

CppFlavor       = *
__SystemLibrary = DLib
__dlib_version  = 6


*******************************************************************************
*** HEAP SELECTION
***

The basic heap was selected because some modules are built with
size limitations (and not runtime checking), and --advanced_heap
was not specified.


*******************************************************************************
*** PLACEMENT SUMMARY
***

"A0":  place at 0x08000000 { ro section .intvec };
"P1":  place in [from 0x08000000 to 0x080fffff] { ro };
define block CSTACK with size = 1K, alignment = 8 { };
define block HEAP with size = 512, alignment = 8 { };
"P2":  place in [from 0x20000000 to 0x2001ffff] {
          rw, block CSTACK, block HEAP };
initialize by copy { rw };

  Section            Kind        Address    Size  Object
  -------            ----        -------    ----  ------
"A0":                                      0x188
  .intvec            ro code  0x08000000   0x188  startup_stm32f407xx.o [1]
                            - 0x08000188   0x188

"P1":                                     0x18b8
  .text              ro code  0x08000188   0x4e2  stm32f4xx_hal_tim.o [1]
  .text              ro code  0x0800066c   0x120  stm32f4xx_hal_msp.o [1]
  .text              ro code  0x0800078c     0x2  stm32f4xx_hal_tim.o [1]
  .text              ro code  0x08000790    0xce  stm32f4xx_hal_cortex.o [1]
  .text              ro code  0x08000860   0x1cc  stm32f4xx_hal_gpio.o [1]
  .text              ro code  0x08000a2c   0x430  stm32f4xx_hal_adc.o [1]
  .text              ro code  0x08000e5c     0xc  stm32f4xx_hal.o [1]
  .text              ro code  0x08000e68   0x2d4  stm32f4xx_hal_rcc.o [1]
  .text              ro code  0x0800113c   0x23c  main.o [1]
  .text              ro code  0x08001378    0x34  stm32f4xx_hal.o [1]
  .text              ro code  0x080013ac    0xe0  stm32f4xx_hal_tim_ex.o [1]
  .text              ro code  0x0800148c   0x178  stm32f4xx_hal_rcc.o [1]
  .text              ro code  0x08001604    0x28  stm32f4xx_hal.o [1]
  .text              ro code  0x0800162c    0xee  I64DivMod.o [5]
  .text              ro code  0x0800171c     0x2  I64DivZer.o [5]
  .text              ro code  0x08001720    0x60  system_stm32f4xx.o [1]
  .text              ro code  0x08001780    0x40  zero_init3.o [5]
  .text              ro code  0x080017c0    0x2c  copy_init3.o [5]
  .text              ro code  0x080017ec    0x28  data_init.o [5]
  .text              ro code  0x08001814    0x22  fpinit_M.o [4]
  .iar.init_table    const    0x08001838    0x24  - Linker created -
  .text              ro code  0x0800185c    0x1a  cmain.o [5]
  .text              ro code  0x08001876     0x4  low_level_init.o [3]
  .text              ro code  0x0800187a     0x4  exit.o [3]
  .text              ro code  0x08001880     0xa  cexit.o [5]
  .text              ro code  0x0800188c    0x14  exit.o [6]
  .text              ro code  0x080018a0    0x12  stm32f4xx_it.o [1]
  .text              ro code  0x080018b4    0x10  stm32f4xx_hal.o [1]
  .text              ro code  0x080018c4    0x10  startup_stm32f407xx.o [1]
  .text              ro code  0x080018d4     0xc  cstartup_M.o [5]
  .text              ro code  0x080018e0     0x4  startup_stm32f407xx.o [1]
  .text              ro code  0x080018e4     0x4  startup_stm32f407xx.o [1]
  .text              ro code  0x080018e8     0x4  startup_stm32f407xx.o [1]
  .text              ro code  0x080018ec     0x4  startup_stm32f407xx.o [1]
  .text              ro code  0x080018f0     0x4  startup_stm32f407xx.o [1]
  .text              ro code  0x080018f4     0x4  startup_stm32f407xx.o [1]
  .text              ro code  0x080018f8     0x4  startup_stm32f407xx.o [1]
  .text              ro code  0x080018fc     0x4  startup_stm32f407xx.o [1]
  .text              ro code  0x08001900     0x4  startup_stm32f407xx.o [1]
  .text              ro code  0x08001904     0x4  startup_stm32f407xx.o [1]
  .text              ro code  0x08001908     0x4  startup_stm32f407xx.o [1]
  .text              ro code  0x0800190c     0x4  startup_stm32f407xx.o [1]
  .text              ro code  0x08001910     0x4  startup_stm32f407xx.o [1]
  .text              ro code  0x08001914     0x4  startup_stm32f407xx.o [1]
  .text              ro code  0x08001918     0x4  startup_stm32f407xx.o [1]
  .text              ro code  0x0800191c     0x4  startup_stm32f407xx.o [1]
  .text              ro code  0x08001920     0x4  startup_stm32f407xx.o [1]
  .text              ro code  0x08001924     0x4  startup_stm32f407xx.o [1]
  .text              ro code  0x08001928     0x4  startup_stm32f407xx.o [1]
  .text              ro code  0x0800192c     0x4  startup_stm32f407xx.o [1]
  .text              ro code  0x08001930     0x4  startup_stm32f407xx.o [1]
  .text              ro code  0x08001934     0x4  startup_stm32f407xx.o [1]
  .text              ro code  0x08001938     0x4  startup_stm32f407xx.o [1]
  .text              ro code  0x0800193c     0x4  startup_stm32f407xx.o [1]
  .text              ro code  0x08001940     0x4  startup_stm32f407xx.o [1]
  .text              ro code  0x08001944     0x4  startup_stm32f407xx.o [1]
  .text              ro code  0x08001948     0x4  startup_stm32f407xx.o [1]
  .text              ro code  0x0800194c     0x4  startup_stm32f407xx.o [1]
  .text              ro code  0x08001950     0x4  startup_stm32f407xx.o [1]
  .text              ro code  0x08001954     0x4  startup_stm32f407xx.o [1]
  .text              ro code  0x08001958     0x4  startup_stm32f407xx.o [1]
  .text              ro code  0x0800195c     0x4  startup_stm32f407xx.o [1]
  .text              ro code  0x08001960     0x4  startup_stm32f407xx.o [1]
  .text              ro code  0x08001964     0x4  startup_stm32f407xx.o [1]
  .text              ro code  0x08001968     0x4  startup_stm32f407xx.o [1]
  .text              ro code  0x0800196c     0x4  startup_stm32f407xx.o [1]
  .text              ro code  0x08001970     0x4  startup_stm32f407xx.o [1]
  .text              ro code  0x08001974     0x4  startup_stm32f407xx.o [1]
  .text              ro code  0x08001978     0x4  startup_stm32f407xx.o [1]
  .text              ro code  0x0800197c     0x4  startup_stm32f407xx.o [1]
  .text              ro code  0x08001980     0x4  startup_stm32f407xx.o [1]
  .text              ro code  0x08001984     0x4  startup_stm32f407xx.o [1]
  .text              ro code  0x08001988     0x4  startup_stm32f407xx.o [1]
  .text              ro code  0x0800198c     0x4  startup_stm32f407xx.o [1]
  .text              ro code  0x08001990     0x4  startup_stm32f407xx.o [1]
  .text              ro code  0x08001994     0x4  startup_stm32f407xx.o [1]
  .text              ro code  0x08001998     0x4  startup_stm32f407xx.o [1]
  .text              ro code  0x0800199c     0x4  startup_stm32f407xx.o [1]
  .text              ro code  0x080019a0     0x4  startup_stm32f407xx.o [1]
  .text              ro code  0x080019a4     0x4  startup_stm32f407xx.o [1]
  .text              ro code  0x080019a8     0x4  startup_stm32f407xx.o [1]
  .text              ro code  0x080019ac     0x4  startup_stm32f407xx.o [1]
  .text              ro code  0x080019b0     0x4  startup_stm32f407xx.o [1]
  .text              ro code  0x080019b4     0x4  startup_stm32f407xx.o [1]
  .text              ro code  0x080019b8     0x4  startup_stm32f407xx.o [1]
  .text              ro code  0x080019bc     0x4  startup_stm32f407xx.o [1]
  .text              ro code  0x080019c0     0x4  startup_stm32f407xx.o [1]
  .text              ro code  0x080019c4     0x4  startup_stm32f407xx.o [1]
  .text              ro code  0x080019c8     0x4  startup_stm32f407xx.o [1]
  .text              ro code  0x080019cc     0x4  startup_stm32f407xx.o [1]
  .text              ro code  0x080019d0     0x4  startup_stm32f407xx.o [1]
  .text              ro code  0x080019d4     0x4  startup_stm32f407xx.o [1]
  .text              ro code  0x080019d8     0x4  startup_stm32f407xx.o [1]
  .text              ro code  0x080019dc     0x4  startup_stm32f407xx.o [1]
  .text              ro code  0x080019e0     0x4  startup_stm32f407xx.o [1]
  .text              ro code  0x080019e4     0x4  startup_stm32f407xx.o [1]
  .text              ro code  0x080019e8     0x4  startup_stm32f407xx.o [1]
  .text              ro code  0x080019ec     0x4  startup_stm32f407xx.o [1]
  .text              ro code  0x080019f0     0x4  startup_stm32f407xx.o [1]
  .text              ro code  0x080019f4     0x4  startup_stm32f407xx.o [1]
  .text              ro code  0x080019f8     0x4  startup_stm32f407xx.o [1]
  .text              ro code  0x080019fc     0x4  startup_stm32f407xx.o [1]
  .text              ro code  0x08001a00     0x4  startup_stm32f407xx.o [1]
  .text              ro code  0x08001a04     0x4  startup_stm32f407xx.o [1]
  .text              ro code  0x08001a08     0x4  startup_stm32f407xx.o [1]
  .text              ro code  0x08001a0c     0x4  startup_stm32f407xx.o [1]
  .text              ro code  0x08001a10     0x4  startup_stm32f407xx.o [1]
  .text              ro code  0x08001a14     0x4  startup_stm32f407xx.o [1]
  .text              ro code  0x08001a18     0x4  startup_stm32f407xx.o [1]
  .text              ro code  0x08001a1c     0x4  startup_stm32f407xx.o [1]
  .text              ro code  0x08001a20     0x4  startup_stm32f407xx.o [1]
  .text              ro code  0x08001a24     0x4  startup_stm32f407xx.o [1]
  .text              ro code  0x08001a28     0x4  startup_stm32f407xx.o [1]
  .text              ro code  0x08001a2c     0x4  startup_stm32f407xx.o [1]
  .text              ro code  0x08001a30     0x4  startup_stm32f407xx.o [1]
  .text              ro code  0x08001a34     0x4  startup_stm32f407xx.o [1]
  .text              ro code  0x08001a38     0x4  startup_stm32f407xx.o [1]
  Initializer bytes  const    0x08001a3c     0x4  <for P2-1>
  .rodata            const    0x08001a40     0x0  zero_init3.o [5]
  .rodata            const    0x08001a40     0x0  copy_init3.o [5]
                            - 0x08001a40  0x18b8

"P2", part 1 of 3:                           0x4
  P2-1                        0x20000000     0x4  <Init block>
    .data            inited   0x20000000     0x4  system_stm32f4xx.o [1]
                            - 0x20000004     0x4

"P2", part 2 of 3:                          0x90
  .bss               zero     0x20000004    0x50  main.o [1]
  .bss               zero     0x20000054    0x3c  main.o [1]
  .bss               zero     0x20000090     0x4  stm32f4xx_hal.o [1]
                            - 0x20000094    0x90

"P2", part 3 of 3:                         0x400
  CSTACK                      0x20000098   0x400  <Block>
    CSTACK           uninit   0x20000098   0x400  <Block tail>
                            - 0x20000498   0x400


*******************************************************************************
*** INIT TABLE
***

          Address     Size
          -------     ----
Zero (__iar_zero_init3)
    1 destination range, total size 0x90:
          0x20000004  0x90

Copy (__iar_copy_init3)
    1 source range, total size 0x4:
          0x08001a3c   0x4
    1 destination range, total size 0x4:
          0x20000000   0x4



*******************************************************************************
*** MODULE SUMMARY
***

    Module                  ro code  ro data  rw data
    ------                  -------  -------  -------
C:\Users\Selim-Pc\Documents\STM32-WORKING\working\use_adc_for_timer\EWARM\use_adc_for_timer\Obj: [1]
    main.o                      572               140
    startup_stm32f407xx.o       756
    stm32f4xx_hal.o             120                 4
    stm32f4xx_hal_adc.o       1 072
    stm32f4xx_hal_cortex.o      206
    stm32f4xx_hal_gpio.o        460
    stm32f4xx_hal_msp.o         288
    stm32f4xx_hal_rcc.o       1 100
    stm32f4xx_hal_tim.o       1 252
    stm32f4xx_hal_tim_ex.o      224
    stm32f4xx_it.o               18
    system_stm32f4xx.o           96        4        4
    -------------------------------------------------
    Total:                    6 164        4      148

command line: [2]
    -------------------------------------------------
    Total:

dl7M_tlf.a: [3]
    exit.o                        4
    low_level_init.o              4
    -------------------------------------------------
    Total:                        8

m7M_tls.a: [4]
    fpinit_M.o                   34
    -------------------------------------------------
    Total:                       34

rt7M_tl.a: [5]
    I64DivMod.o                 238
    I64DivZer.o                   2
    cexit.o                      10
    cmain.o                      26
    copy_init3.o                 44
    cstartup_M.o                 12
    data_init.o                  40
    zero_init3.o                 64
    -------------------------------------------------
    Total:                      436

shb_l.a: [6]
    exit.o                       20
    -------------------------------------------------
    Total:                       20

    Gaps                         16        2
    Linker created                        36    1 024
-----------------------------------------------------
    Grand Total:              6 678       42    1 172


*******************************************************************************
*** ENTRY LIST
***

Entry                      Address   Size  Type      Object
-----                      -------   ----  ----      ------
.iar.init_table$$Base   0x08001838          --   Gb  - Linker created -
.iar.init_table$$Limit  0x0800185c          --   Gb  - Linker created -
?main                   0x0800185d         Code  Gb  cmain.o [5]
ADC_Init                0x08000d4b   0xf4  Code  Lc  stm32f4xx_hal_adc.o [1]
AHBPrescTable           0x08001770   0x10  Data  Gb  system_stm32f4xx.o [1]
CSTACK$$Base            0x20000098          --   Gb  - Linker created -
CSTACK$$Limit           0x20000498          --   Gb  - Linker created -
HAL_ADC_ConfigChannel   0x08000c1d  0x118  Code  Gb  stm32f4xx_hal_adc.o [1]
HAL_ADC_GetValue        0x08000c17    0x6  Code  Gb  stm32f4xx_hal_adc.o [1]
HAL_ADC_Init            0x08000a2d   0x50  Code  Gb  stm32f4xx_hal_adc.o [1]
HAL_ADC_MspInit         0x080006cd   0x3e  Code  Gb  stm32f4xx_hal_msp.o [1]
HAL_ADC_PollForConversion
                        0x08000ac5   0x9e  Code  Gb  stm32f4xx_hal_adc.o [1]
HAL_ADC_Start           0x08000a7d   0x48  Code  Gb  stm32f4xx_hal_adc.o [1]
HAL_GPIO_Init           0x08000861  0x19e  Code  Gb  stm32f4xx_hal_gpio.o [1]
HAL_GetTick             0x08000e5d    0xc  Code  Wk  stm32f4xx_hal.o [1]
HAL_IncTick             0x080018b5   0x10  Code  Wk  stm32f4xx_hal.o [1]
HAL_Init                0x08001379   0x30  Code  Gb  stm32f4xx_hal.o [1]
HAL_InitTick            0x08001605   0x28  Code  Wk  stm32f4xx_hal.o [1]
HAL_MspInit             0x0800066d   0x60  Code  Gb  stm32f4xx_hal_msp.o [1]
HAL_NVIC_SetPriority    0x080007c9   0x3a  Code  Gb  stm32f4xx_hal_cortex.o [1]
HAL_NVIC_SetPriorityGrouping
                        0x080007af   0x1a  Code  Gb  stm32f4xx_hal_cortex.o [1]
HAL_RCC_ClockConfig     0x0800148d   0xfe  Code  Gb  stm32f4xx_hal_rcc.o [1]
HAL_RCC_GetHCLKFreq     0x08001597    0x6  Code  Gb  stm32f4xx_hal_rcc.o [1]
HAL_RCC_OscConfig       0x08000e69  0x2d4  Code  Wk  stm32f4xx_hal_rcc.o [1]
HAL_SYSTICK_CLKSourceConfig
                        0x0800082b   0x1a  Code  Gb  stm32f4xx_hal_cortex.o [1]
HAL_SYSTICK_Config      0x08000803   0x28  Code  Gb  stm32f4xx_hal_cortex.o [1]
HAL_SYSTICK_IRQHandler  0x08000859    0x4  Code  Gb  stm32f4xx_hal_cortex.o [1]
HAL_TIMEx_ConfigBreakDeadTime
                        0x0800141b   0x5a  Code  Gb  stm32f4xx_hal_tim_ex.o [1]
HAL_TIMEx_MasterConfigSynchronization
                        0x080013d1   0x4a  Code  Gb  stm32f4xx_hal_tim_ex.o [1]
HAL_TIMEx_PWMN_Start    0x080013ad    0xa  Code  Gb  stm32f4xx_hal_tim_ex.o [1]
HAL_TIM_Base_Init       0x08000189   0x1a  Code  Gb  stm32f4xx_hal_tim.o [1]
HAL_TIM_Base_MspInit    0x0800070b   0x26  Code  Gb  stm32f4xx_hal_msp.o [1]
HAL_TIM_ConfigClockSource
                        0x08000311   0xac  Code  Gb  stm32f4xx_hal_tim.o [1]
HAL_TIM_MspPostInit     0x08000731   0x48  Code  Gb  stm32f4xx_hal_msp.o [1]
HAL_TIM_PWM_ConfigChannel
                        0x08000229   0xc0  Code  Gb  stm32f4xx_hal_tim.o [1]
HAL_TIM_PWM_Init        0x080001cd   0x1a  Code  Gb  stm32f4xx_hal_tim.o [1]
HAL_TIM_PWM_Start       0x080001e7   0x18  Code  Gb  stm32f4xx_hal_tim.o [1]
MX_TIM1_Init            0x080012b1   0xa2  Code  Lc  main.o [1]
NVIC_SetPriority        0x08000791   0x1e  Code  Lc  stm32f4xx_hal_cortex.o [1]
PendSV_Handler          0x080018a3    0x2  Code  Gb  stm32f4xx_it.o [1]
Region$$Table$$Base     0x08001838          --   Gb  - Linker created -
Region$$Table$$Limit    0x0800185c          --   Gb  - Linker created -
SVC_Handler             0x080018a1    0x2  Code  Gb  stm32f4xx_it.o [1]
SysTick_Handler         0x080018a5    0xe  Code  Gb  stm32f4xx_it.o [1]
SystemClock_Config      0x08001205   0xac  Code  Gb  main.o [1]
SystemCoreClock         0x20000000    0x4  Data  Gb  system_stm32f4xx.o [1]
SystemInit              0x08001721   0x3a  Code  Gb  system_stm32f4xx.o [1]
TIM_Base_SetConfig      0x080003e5   0x8e  Code  Gb  stm32f4xx_hal_tim.o [1]
TIM_CCxChannelCmd       0x080004cf   0x14  Code  Gb  stm32f4xx_hal_tim.o [1]
TIM_CCxNChannelCmd      0x08001475   0x18  Code  Lc  stm32f4xx_hal_tim_ex.o [1]
TIM_ETR_SetConfig       0x08000657   0x14  Code  Lc  stm32f4xx_hal_tim.o [1]
TIM_ITRx_SetConfig      0x08000647   0x10  Code  Lc  stm32f4xx_hal_tim.o [1]
TIM_OC1_SetConfig       0x080004e3   0x4a  Code  Lc  stm32f4xx_hal_tim.o [1]
TIM_OC2_SetConfig       0x08000475   0x58  Code  Gb  stm32f4xx_hal_tim.o [1]
TIM_OC3_SetConfig       0x0800052d   0x50  Code  Lc  stm32f4xx_hal_tim.o [1]
TIM_OC4_SetConfig       0x08000589   0x46  Code  Lc  stm32f4xx_hal_tim.o [1]
TIM_TI1_ConfigInputStage
                        0x08000601   0x1c  Code  Lc  stm32f4xx_hal_tim.o [1]
TIM_TI2_ConfigInputStage
                        0x08000623   0x24  Code  Lc  stm32f4xx_hal_tim.o [1]
__aeabi_ldiv0           0x0800171d         Code  Gb  I64DivZer.o [5]
__aeabi_uldivmod        0x0800162d         Code  Gb  I64DivMod.o [5]
__cmain                 0x0800185d         Code  Gb  cmain.o [5]
__exit                  0x0800188d   0x14  Code  Gb  exit.o [6]
__iar_copy_init3        0x080017c1   0x2c  Code  Gb  copy_init3.o [5]
__iar_data_init3        0x080017ed   0x28  Code  Gb  data_init.o [5]
__iar_init_vfp          0x08001815         Code  Gb  fpinit_M.o [4]
__iar_program_start     0x080018d5         Code  Gb  cstartup_M.o [5]
__iar_systems$$module {Abs}
                        0x00000001         Data  Gb  command line/config [2]
__iar_zero_init3        0x08001781   0x40  Code  Gb  zero_init3.o [5]
__low_level_init        0x08001877    0x4  Code  Gb  low_level_init.o [3]
__vector_table          0x08000000         Data  Gb  startup_stm32f407xx.o [1]
_call_main              0x08001869         Code  Gb  cmain.o [5]
_exit                   0x08001881         Code  Gb  cexit.o [5]
_main                   0x08001873         Code  Gb  cmain.o [5]
adcData1                0x20000004    0x2  Data  Gb  main.o [1]
count                   0x20000050    0x4  Data  Gb  main.o [1]
exit                    0x0800187b    0x4  Code  Gb  exit.o [3]
hadc1                   0x20000008   0x48  Data  Gb  main.o [1]
htim1                   0x20000054   0x3c  Data  Gb  main.o [1]
main                    0x0800113d   0xc8  Code  Gb  main.o [1]
uwTick                  0x20000090    0x4  Data  Gb  stm32f4xx_hal.o [1]


[1] = C:\Users\Selim-Pc\Documents\STM32-WORKING\working\use_adc_for_timer\EWARM\use_adc_for_timer\Obj
[2] = command line
[3] = dl7M_tlf.a
[4] = m7M_tls.a
[5] = rt7M_tl.a
[6] = shb_l.a

  6 678 bytes of readonly  code memory
     42 bytes of readonly  data memory
  1 172 bytes of readwrite data memory

Errors: none
Warnings: none
