###############################################################################
#
# IAR ELF Linker V8.11.3.13950/W32 for ARM                08/Dec/2017  01:25:44
# Copyright 2007-2017 IAR Systems AB.
#
#    Output file  =  
#        C:\Users\Selim-Pc\Documents\STM32-WORKING\working\dma_read_adc_uart\dma_read_adc_uart\EWARM\dma_read_adc_uart\Exe\dma_read_adc_uart.out
#    Map file     =  
#        C:\Users\Selim-Pc\Documents\STM32-WORKING\working\dma_read_adc_uart\dma_read_adc_uart\EWARM\dma_read_adc_uart\List\dma_read_adc_uart.map
#    Command line =  
#        -f C:\Users\Selim-Pc\AppData\Local\Temp\EW94C7.tmp
#        (C:\Users\Selim-Pc\Documents\STM32-WORKING\working\dma_read_adc_uart\dma_read_adc_uart\EWARM\dma_read_adc_uart\Obj\main.o
#        C:\Users\Selim-Pc\Documents\STM32-WORKING\working\dma_read_adc_uart\dma_read_adc_uart\EWARM\dma_read_adc_uart\Obj\startup_stm32f407xx.o
#        C:\Users\Selim-Pc\Documents\STM32-WORKING\working\dma_read_adc_uart\dma_read_adc_uart\EWARM\dma_read_adc_uart\Obj\stm32f4xx_hal.o
#        C:\Users\Selim-Pc\Documents\STM32-WORKING\working\dma_read_adc_uart\dma_read_adc_uart\EWARM\dma_read_adc_uart\Obj\stm32f4xx_hal_adc.o
#        C:\Users\Selim-Pc\Documents\STM32-WORKING\working\dma_read_adc_uart\dma_read_adc_uart\EWARM\dma_read_adc_uart\Obj\stm32f4xx_hal_adc_ex.o
#        C:\Users\Selim-Pc\Documents\STM32-WORKING\working\dma_read_adc_uart\dma_read_adc_uart\EWARM\dma_read_adc_uart\Obj\stm32f4xx_hal_cortex.o
#        C:\Users\Selim-Pc\Documents\STM32-WORKING\working\dma_read_adc_uart\dma_read_adc_uart\EWARM\dma_read_adc_uart\Obj\stm32f4xx_hal_dma.o
#        C:\Users\Selim-Pc\Documents\STM32-WORKING\working\dma_read_adc_uart\dma_read_adc_uart\EWARM\dma_read_adc_uart\Obj\stm32f4xx_hal_dma_ex.o
#        C:\Users\Selim-Pc\Documents\STM32-WORKING\working\dma_read_adc_uart\dma_read_adc_uart\EWARM\dma_read_adc_uart\Obj\stm32f4xx_hal_flash.o
#        C:\Users\Selim-Pc\Documents\STM32-WORKING\working\dma_read_adc_uart\dma_read_adc_uart\EWARM\dma_read_adc_uart\Obj\stm32f4xx_hal_flash_ex.o
#        C:\Users\Selim-Pc\Documents\STM32-WORKING\working\dma_read_adc_uart\dma_read_adc_uart\EWARM\dma_read_adc_uart\Obj\stm32f4xx_hal_flash_ramfunc.o
#        C:\Users\Selim-Pc\Documents\STM32-WORKING\working\dma_read_adc_uart\dma_read_adc_uart\EWARM\dma_read_adc_uart\Obj\stm32f4xx_hal_gpio.o
#        C:\Users\Selim-Pc\Documents\STM32-WORKING\working\dma_read_adc_uart\dma_read_adc_uart\EWARM\dma_read_adc_uart\Obj\stm32f4xx_hal_msp.o
#        C:\Users\Selim-Pc\Documents\STM32-WORKING\working\dma_read_adc_uart\dma_read_adc_uart\EWARM\dma_read_adc_uart\Obj\stm32f4xx_hal_pwr.o
#        C:\Users\Selim-Pc\Documents\STM32-WORKING\working\dma_read_adc_uart\dma_read_adc_uart\EWARM\dma_read_adc_uart\Obj\stm32f4xx_hal_pwr_ex.o
#        C:\Users\Selim-Pc\Documents\STM32-WORKING\working\dma_read_adc_uart\dma_read_adc_uart\EWARM\dma_read_adc_uart\Obj\stm32f4xx_hal_rcc.o
#        C:\Users\Selim-Pc\Documents\STM32-WORKING\working\dma_read_adc_uart\dma_read_adc_uart\EWARM\dma_read_adc_uart\Obj\stm32f4xx_hal_rcc_ex.o
#        C:\Users\Selim-Pc\Documents\STM32-WORKING\working\dma_read_adc_uart\dma_read_adc_uart\EWARM\dma_read_adc_uart\Obj\stm32f4xx_hal_tim.o
#        C:\Users\Selim-Pc\Documents\STM32-WORKING\working\dma_read_adc_uart\dma_read_adc_uart\EWARM\dma_read_adc_uart\Obj\stm32f4xx_hal_tim_ex.o
#        C:\Users\Selim-Pc\Documents\STM32-WORKING\working\dma_read_adc_uart\dma_read_adc_uart\EWARM\dma_read_adc_uart\Obj\stm32f4xx_hal_uart.o
#        C:\Users\Selim-Pc\Documents\STM32-WORKING\working\dma_read_adc_uart\dma_read_adc_uart\EWARM\dma_read_adc_uart\Obj\stm32f4xx_it.o
#        C:\Users\Selim-Pc\Documents\STM32-WORKING\working\dma_read_adc_uart\dma_read_adc_uart\EWARM\dma_read_adc_uart\Obj\system_stm32f4xx.o
#        --redirect _Printf=_PrintfFull --redirect _Scanf=_ScanfFull -o
#        C:\Users\Selim-Pc\Documents\STM32-WORKING\working\dma_read_adc_uart\dma_read_adc_uart\EWARM\dma_read_adc_uart\Exe\dma_read_adc_uart.out
#        --map
#        C:\Users\Selim-Pc\Documents\STM32-WORKING\working\dma_read_adc_uart\dma_read_adc_uart\EWARM\dma_read_adc_uart\List\dma_read_adc_uart.map
#        --config
#        C:\Users\Selim-Pc\Documents\STM32-WORKING\working\dma_read_adc_uart\dma_read_adc_uart\EWARM/stm32f407xx_flash.icf
#        --semihosting --entry __iar_program_start --vfe --text_out locale)
#
###############################################################################

*******************************************************************************
*** RUNTIME MODEL ATTRIBUTES
***

CppFlavor       = *
__SystemLibrary = DLib
__dlib_version  = 6


*******************************************************************************
*** HEAP SELECTION
***

The basic heap was selected because some modules are built with
size limitations (and not runtime checking), and --advanced_heap
was not specified.


*******************************************************************************
*** PLACEMENT SUMMARY
***

"A0":  place at 0x08000000 { ro section .intvec };
"P1":  place in [from 0x08000000 to 0x080fffff] { ro };
define block CSTACK with size = 1K, alignment = 8 { };
define block HEAP with size = 512, alignment = 8 { };
"P2":  place in [from 0x20000000 to 0x2001ffff] {
          rw, block CSTACK, block HEAP };
initialize by copy { rw };

  Section            Kind        Address    Size  Object
  -------            ----        -------    ----  ------
"A0":                                      0x188
  .intvec            ro code  0x08000000   0x188  startup_stm32f407xx.o [1]
                            - 0x08000188   0x188

"P1":                                     0x1d14
  .text              ro code  0x08000188   0x516  stm32f4xx_hal_uart.o [1]
  .text              ro code  0x080006a0   0x1f8  stm32f4xx_hal_msp.o [1]
  .text              ro code  0x08000898   0x384  stm32f4xx_hal_dma.o [1]
  .text              ro code  0x08000c1c     0x2  stm32f4xx_hal_uart.o [1]
  .text              ro code  0x08000c1e     0x2  stm32f4xx_hal_uart.o [1]
  .text              ro code  0x08000c20     0x2  stm32f4xx_hal_uart.o [1]
  .text              ro code  0x08000c22     0x2  stm32f4xx_hal_uart.o [1]
  .text              ro code  0x08000c24   0x1a4  stm32f4xx_hal_rcc.o [1]
  .text              ro code  0x08000dc8    0xe6  stm32f4xx_hal_cortex.o [1]
  .text              ro code  0x08000eb0   0x1e0  stm32f4xx_hal_gpio.o [1]
  .text              ro code  0x08001090   0x25a  main.o [1]
  .text              ro code  0x080012ec     0xc  stm32f4xx_hal.o [1]
  .text              ro code  0x080012f8    0x28  stm32f4xx_hal.o [1]
  .text              ro code  0x08001320    0xee  I64DivMod.o [5]
  .text              ro code  0x08001410    0x34  stm32f4xx_hal.o [1]
  .text              ro code  0x08001444   0x426  stm32f4xx_hal_adc.o [1]
  .text              ro code  0x0800186a    0x1e  stm32f4xx_hal.o [1]
  .text              ro code  0x08001888   0x2d4  stm32f4xx_hal_rcc.o [1]
  .text              ro code  0x08001b5c     0x2  I64DivZer.o [5]
  .text              ro code  0x08001b5e     0x2  stm32f4xx_hal_adc.o [1]
  .text              ro code  0x08001b60     0x2  stm32f4xx_hal_adc.o [1]
  .text              ro code  0x08001b62     0x2  stm32f4xx_hal_adc.o [1]
  .text              ro code  0x08001b64    0x60  system_stm32f4xx.o [1]
  .text              ro code  0x08001bc4    0x40  zero_init3.o [5]
  .text              ro code  0x08001c04    0x30  stm32f4xx_it.o [1]
  .text              ro code  0x08001c34    0x10  stm32f4xx_hal.o [1]
  .text              ro code  0x08001c44    0x2c  copy_init3.o [5]
  .text              ro code  0x08001c70    0x28  data_init.o [5]
  .text              ro code  0x08001c98    0x22  fpinit_M.o [4]
  .iar.init_table    const    0x08001cbc    0x24  - Linker created -
  .text              ro code  0x08001ce0    0x1a  cmain.o [5]
  .text              ro code  0x08001cfa     0x4  low_level_init.o [3]
  .text              ro code  0x08001cfe     0x4  exit.o [3]
  .text              ro code  0x08001d04     0xa  cexit.o [5]
  .text              ro code  0x08001d10    0x14  exit.o [6]
  .text              ro code  0x08001d24    0x10  startup_stm32f407xx.o [1]
  .text              ro code  0x08001d34     0xc  cstartup_M.o [5]
  .rodata            const    0x08001d40     0x8  system_stm32f4xx.o [1]
  .text              ro code  0x08001d48     0x4  startup_stm32f407xx.o [1]
  .text              ro code  0x08001d4c     0x4  startup_stm32f407xx.o [1]
  .text              ro code  0x08001d50     0x4  startup_stm32f407xx.o [1]
  .text              ro code  0x08001d54     0x4  startup_stm32f407xx.o [1]
  .text              ro code  0x08001d58     0x4  startup_stm32f407xx.o [1]
  .text              ro code  0x08001d5c     0x4  startup_stm32f407xx.o [1]
  .text              ro code  0x08001d60     0x4  startup_stm32f407xx.o [1]
  .text              ro code  0x08001d64     0x4  startup_stm32f407xx.o [1]
  .text              ro code  0x08001d68     0x4  startup_stm32f407xx.o [1]
  .text              ro code  0x08001d6c     0x4  startup_stm32f407xx.o [1]
  .text              ro code  0x08001d70     0x4  startup_stm32f407xx.o [1]
  .text              ro code  0x08001d74     0x4  startup_stm32f407xx.o [1]
  .text              ro code  0x08001d78     0x4  startup_stm32f407xx.o [1]
  .text              ro code  0x08001d7c     0x4  startup_stm32f407xx.o [1]
  .text              ro code  0x08001d80     0x4  startup_stm32f407xx.o [1]
  .text              ro code  0x08001d84     0x4  startup_stm32f407xx.o [1]
  .text              ro code  0x08001d88     0x4  startup_stm32f407xx.o [1]
  .text              ro code  0x08001d8c     0x4  startup_stm32f407xx.o [1]
  .text              ro code  0x08001d90     0x4  startup_stm32f407xx.o [1]
  .text              ro code  0x08001d94     0x4  startup_stm32f407xx.o [1]
  .text              ro code  0x08001d98     0x4  startup_stm32f407xx.o [1]
  .text              ro code  0x08001d9c     0x4  startup_stm32f407xx.o [1]
  .text              ro code  0x08001da0     0x4  startup_stm32f407xx.o [1]
  .text              ro code  0x08001da4     0x4  startup_stm32f407xx.o [1]
  .text              ro code  0x08001da8     0x4  startup_stm32f407xx.o [1]
  .text              ro code  0x08001dac     0x4  startup_stm32f407xx.o [1]
  .text              ro code  0x08001db0     0x4  startup_stm32f407xx.o [1]
  .text              ro code  0x08001db4     0x4  startup_stm32f407xx.o [1]
  .text              ro code  0x08001db8     0x4  startup_stm32f407xx.o [1]
  .text              ro code  0x08001dbc     0x4  startup_stm32f407xx.o [1]
  .text              ro code  0x08001dc0     0x4  startup_stm32f407xx.o [1]
  .text              ro code  0x08001dc4     0x4  startup_stm32f407xx.o [1]
  .text              ro code  0x08001dc8     0x4  startup_stm32f407xx.o [1]
  .text              ro code  0x08001dcc     0x4  startup_stm32f407xx.o [1]
  .text              ro code  0x08001dd0     0x4  startup_stm32f407xx.o [1]
  .text              ro code  0x08001dd4     0x4  startup_stm32f407xx.o [1]
  .text              ro code  0x08001dd8     0x4  startup_stm32f407xx.o [1]
  .text              ro code  0x08001ddc     0x4  startup_stm32f407xx.o [1]
  .text              ro code  0x08001de0     0x4  startup_stm32f407xx.o [1]
  .text              ro code  0x08001de4     0x4  startup_stm32f407xx.o [1]
  .text              ro code  0x08001de8     0x4  startup_stm32f407xx.o [1]
  .text              ro code  0x08001dec     0x4  startup_stm32f407xx.o [1]
  .text              ro code  0x08001df0     0x4  startup_stm32f407xx.o [1]
  .text              ro code  0x08001df4     0x4  startup_stm32f407xx.o [1]
  .text              ro code  0x08001df8     0x4  startup_stm32f407xx.o [1]
  .text              ro code  0x08001dfc     0x4  startup_stm32f407xx.o [1]
  .text              ro code  0x08001e00     0x4  startup_stm32f407xx.o [1]
  .text              ro code  0x08001e04     0x4  startup_stm32f407xx.o [1]
  .text              ro code  0x08001e08     0x4  startup_stm32f407xx.o [1]
  .text              ro code  0x08001e0c     0x4  startup_stm32f407xx.o [1]
  .text              ro code  0x08001e10     0x4  startup_stm32f407xx.o [1]
  .text              ro code  0x08001e14     0x4  startup_stm32f407xx.o [1]
  .text              ro code  0x08001e18     0x4  startup_stm32f407xx.o [1]
  .text              ro code  0x08001e1c     0x4  startup_stm32f407xx.o [1]
  .text              ro code  0x08001e20     0x4  startup_stm32f407xx.o [1]
  .text              ro code  0x08001e24     0x4  startup_stm32f407xx.o [1]
  .text              ro code  0x08001e28     0x4  startup_stm32f407xx.o [1]
  .text              ro code  0x08001e2c     0x4  startup_stm32f407xx.o [1]
  .text              ro code  0x08001e30     0x4  startup_stm32f407xx.o [1]
  .text              ro code  0x08001e34     0x4  startup_stm32f407xx.o [1]
  .text              ro code  0x08001e38     0x4  startup_stm32f407xx.o [1]
  .text              ro code  0x08001e3c     0x4  startup_stm32f407xx.o [1]
  .text              ro code  0x08001e40     0x4  startup_stm32f407xx.o [1]
  .text              ro code  0x08001e44     0x4  startup_stm32f407xx.o [1]
  .text              ro code  0x08001e48     0x4  startup_stm32f407xx.o [1]
  .text              ro code  0x08001e4c     0x4  startup_stm32f407xx.o [1]
  .text              ro code  0x08001e50     0x4  startup_stm32f407xx.o [1]
  .text              ro code  0x08001e54     0x4  startup_stm32f407xx.o [1]
  .text              ro code  0x08001e58     0x4  startup_stm32f407xx.o [1]
  .text              ro code  0x08001e5c     0x4  startup_stm32f407xx.o [1]
  .text              ro code  0x08001e60     0x4  startup_stm32f407xx.o [1]
  .text              ro code  0x08001e64     0x4  startup_stm32f407xx.o [1]
  .text              ro code  0x08001e68     0x4  startup_stm32f407xx.o [1]
  .text              ro code  0x08001e6c     0x4  startup_stm32f407xx.o [1]
  .text              ro code  0x08001e70     0x4  startup_stm32f407xx.o [1]
  .text              ro code  0x08001e74     0x4  startup_stm32f407xx.o [1]
  .text              ro code  0x08001e78     0x4  startup_stm32f407xx.o [1]
  .text              ro code  0x08001e7c     0x4  startup_stm32f407xx.o [1]
  .text              ro code  0x08001e80     0x4  startup_stm32f407xx.o [1]
  .text              ro code  0x08001e84     0x4  startup_stm32f407xx.o [1]
  .text              ro code  0x08001e88     0x4  startup_stm32f407xx.o [1]
  .text              ro code  0x08001e8c     0x4  startup_stm32f407xx.o [1]
  .text              ro code  0x08001e90     0x4  startup_stm32f407xx.o [1]
  .text              ro code  0x08001e94     0x4  startup_stm32f407xx.o [1]
  Initializer bytes  const    0x08001e98     0x4  <for P2-1>
  .rodata            const    0x08001e9c     0x0  zero_init3.o [5]
  .rodata            const    0x08001e9c     0x0  copy_init3.o [5]
                            - 0x08001e9c  0x1d14

"P2", part 1 of 3:                           0x4
  P2-1                        0x20000000     0x4  <Init block>
    .data            inited   0x20000000     0x4  system_stm32f4xx.o [1]
                            - 0x20000004     0x4

"P2", part 2 of 3:                         0x158
  .bss               zero     0x20000004    0x94  main.o [1]
  .bss               zero     0x20000098    0x60  main.o [1]
  .bss               zero     0x200000f8    0x60  main.o [1]
  .bss               zero     0x20000158     0x4  stm32f4xx_hal.o [1]
                            - 0x2000015c   0x158

"P2", part 3 of 3:                         0x400
  CSTACK                      0x20000160   0x400  <Block>
    CSTACK           uninit   0x20000160   0x400  <Block tail>
                            - 0x20000560   0x400


*******************************************************************************
*** INIT TABLE
***

          Address     Size
          -------     ----
Zero (__iar_zero_init3)
    1 destination range, total size 0x158:
          0x20000004  0x158

Copy (__iar_copy_init3)
    1 source range, total size 0x4:
          0x08001e98    0x4
    1 destination range, total size 0x4:
          0x20000000    0x4



*******************************************************************************
*** MODULE SUMMARY
***

    Module                  ro code  ro data  rw data
    ------                  -------  -------  -------
C:\Users\Selim-Pc\Documents\STM32-WORKING\working\dma_read_adc_uart\dma_read_adc_uart\EWARM\dma_read_adc_uart\Obj: [1]
    main.o                      602               340
    startup_stm32f407xx.o       744
    stm32f4xx_hal.o             150                 4
    stm32f4xx_hal_adc.o       1 068
    stm32f4xx_hal_cortex.o      230
    stm32f4xx_hal_dma.o         900
    stm32f4xx_hal_gpio.o        480
    stm32f4xx_hal_msp.o         504
    stm32f4xx_hal_rcc.o       1 144
    stm32f4xx_hal_uart.o      1 310
    stm32f4xx_it.o               48
    system_stm32f4xx.o           96       12        4
    -------------------------------------------------
    Total:                    7 276       12      348

command line: [2]
    -------------------------------------------------
    Total:

dl7M_tlf.a: [3]
    exit.o                        4
    low_level_init.o              4
    -------------------------------------------------
    Total:                        8

m7M_tls.a: [4]
    fpinit_M.o                   34
    -------------------------------------------------
    Total:                       34

rt7M_tl.a: [5]
    I64DivMod.o                 238
    I64DivZer.o                   2
    cexit.o                      10
    cmain.o                      26
    copy_init3.o                 44
    cstartup_M.o                 12
    data_init.o                  40
    zero_init3.o                 64
    -------------------------------------------------
    Total:                      436

shb_l.a: [6]
    exit.o                       20
    -------------------------------------------------
    Total:                       20

    Gaps                         12        2
    Linker created                        36    1 024
-----------------------------------------------------
    Grand Total:              7 786       50    1 372


*******************************************************************************
*** ENTRY LIST
***

Entry                      Address   Size  Type      Object
-----                      -------   ----  ----      ------
.iar.init_table$$Base   0x08001cbc          --   Gb  - Linker created -
.iar.init_table$$Limit  0x08001ce0          --   Gb  - Linker created -
?main                   0x08001ce1         Code  Gb  cmain.o [5]
ADC_DMAConvCplt         0x080017f5   0x5a  Code  Lc  stm32f4xx_hal_adc.o [1]
ADC_DMAError            0x08001859   0x12  Code  Lc  stm32f4xx_hal_adc.o [1]
ADC_DMAHalfConvCplt     0x08001851    0x6  Code  Lc  stm32f4xx_hal_adc.o [1]
ADC_Init                0x080016e3   0xf4  Code  Lc  stm32f4xx_hal_adc.o [1]
AHBPrescTable           0x08001bb4   0x10  Data  Gb  system_stm32f4xx.o [1]
APBPrescTable           0x08001d40    0x8  Data  Gb  system_stm32f4xx.o [1]
CSTACK$$Base            0x20000160          --   Gb  - Linker created -
CSTACK$$Limit           0x20000560          --   Gb  - Linker created -
DMA2_Stream0_IRQHandler
                        0x08001c1d    0x6  Code  Gb  stm32f4xx_it.o [1]
DMA2_Stream7_IRQHandler
                        0x08001c23    0x6  Code  Gb  stm32f4xx_it.o [1]
DMA_CalcBaseAndBitshift
                        0x08000be9   0x2a  Code  Lc  stm32f4xx_hal_dma.o [1]
DMA_CalcBaseAndBitshift::flagBitshiftOffset
                        0x08000c14    0x8  Data  Lc  stm32f4xx_hal_dma.o [1]
DMA_SetConfig           0x08000bc9   0x20  Code  Lc  stm32f4xx_hal_dma.o [1]
HAL_ADC_ConfigChannel   0x080015b5  0x118  Code  Gb  stm32f4xx_hal_adc.o [1]
HAL_ADC_Init            0x08001445   0x50  Code  Gb  stm32f4xx_hal_adc.o [1]
HAL_ADC_MspInit         0x08000701   0x60  Code  Gb  stm32f4xx_hal_msp.o [1]
HAL_ADC_Start_DMA       0x080014b7   0xfe  Code  Gb  stm32f4xx_hal_adc.o [1]
HAL_DMA_Abort_IT        0x080009f1   0x24  Code  Gb  stm32f4xx_hal_dma.o [1]
HAL_DMA_IRQHandler      0x08000a15  0x188  Code  Gb  stm32f4xx_hal_dma.o [1]
HAL_DMA_Init            0x08000899   0xee  Code  Gb  stm32f4xx_hal_dma.o [1]
HAL_DMA_Start_IT        0x08000987   0x6a  Code  Gb  stm32f4xx_hal_dma.o [1]
HAL_Delay               0x0800186b   0x1e  Code  Wk  stm32f4xx_hal.o [1]
HAL_GPIO_Init           0x08000eb1  0x19e  Code  Gb  stm32f4xx_hal_gpio.o [1]
HAL_GPIO_TogglePin      0x0800105b    0x8  Code  Gb  stm32f4xx_hal_gpio.o [1]
HAL_GPIO_WritePin       0x0800104f    0xc  Code  Gb  stm32f4xx_hal_gpio.o [1]
HAL_GetTick             0x080012ed    0xc  Code  Wk  stm32f4xx_hal.o [1]
HAL_IncTick             0x08001c35   0x10  Code  Wk  stm32f4xx_hal.o [1]
HAL_Init                0x08001411   0x30  Code  Gb  stm32f4xx_hal.o [1]
HAL_InitTick            0x080012f9   0x28  Code  Wk  stm32f4xx_hal.o [1]
HAL_MspInit             0x080006a1   0x60  Code  Gb  stm32f4xx_hal_msp.o [1]
HAL_NVIC_EnableIRQ      0x08000e3b    0xa  Code  Gb  stm32f4xx_hal_cortex.o [1]
HAL_NVIC_SetPriority    0x08000e01   0x3a  Code  Gb  stm32f4xx_hal_cortex.o [1]
HAL_NVIC_SetPriorityGrouping
                        0x08000de7   0x1a  Code  Gb  stm32f4xx_hal_cortex.o [1]
HAL_RCC_ClockConfig     0x08000c25   0xfe  Code  Gb  stm32f4xx_hal_rcc.o [1]
HAL_RCC_GetHCLKFreq     0x08000d2f    0x6  Code  Gb  stm32f4xx_hal_rcc.o [1]
HAL_RCC_GetPCLK1Freq    0x08000d35   0x10  Code  Gb  stm32f4xx_hal_rcc.o [1]
HAL_RCC_GetPCLK2Freq    0x08000d45    0xe  Code  Gb  stm32f4xx_hal_rcc.o [1]
HAL_RCC_OscConfig       0x08001889  0x2d4  Code  Wk  stm32f4xx_hal_rcc.o [1]
HAL_SYSTICK_CLKSourceConfig
                        0x08000e77   0x1a  Code  Gb  stm32f4xx_hal_cortex.o [1]
HAL_SYSTICK_Config      0x08000e4f   0x28  Code  Gb  stm32f4xx_hal_cortex.o [1]
HAL_SYSTICK_IRQHandler  0x08000ea9    0x4  Code  Gb  stm32f4xx_hal_cortex.o [1]
HAL_UART_IRQHandler     0x08000285  0x152  Code  Gb  stm32f4xx_hal_uart.o [1]
HAL_UART_Init           0x08000189   0x1e  Code  Gb  stm32f4xx_hal_uart.o [1]
HAL_UART_MspInit        0x08000761   0x7e  Code  Gb  stm32f4xx_hal_msp.o [1]
HAL_UART_Transmit_DMA   0x08000201   0x78  Code  Gb  stm32f4xx_hal_uart.o [1]
NVIC_SetPriority        0x08000dc9   0x1e  Code  Lc  stm32f4xx_hal_cortex.o [1]
PendSV_Handler          0x08001c07    0x2  Code  Gb  stm32f4xx_it.o [1]
Region$$Table$$Base     0x08001cbc          --   Gb  - Linker created -
Region$$Table$$Limit    0x08001ce0          --   Gb  - Linker created -
SVC_Handler             0x08001c05    0x2  Code  Gb  stm32f4xx_it.o [1]
SysTick_Handler         0x08001c09    0xe  Code  Gb  stm32f4xx_it.o [1]
SystemClock_Config      0x0800121d   0xac  Code  Gb  main.o [1]
SystemCoreClock         0x20000000    0x4  Data  Gb  system_stm32f4xx.o [1]
SystemInit              0x08001b65   0x3a  Code  Gb  system_stm32f4xx.o [1]
UART_DMAAbortOnError    0x08000485    0xc  Code  Lc  stm32f4xx_hal_uart.o [1]
UART_DMAError           0x0800040d   0x4a  Code  Lc  stm32f4xx_hal_uart.o [1]
UART_DMATransmitCplt    0x080003d9   0x2a  Code  Lc  stm32f4xx_hal_uart.o [1]
UART_DMATxHalfCplt      0x08000405    0x6  Code  Lc  stm32f4xx_hal_uart.o [1]
UART_EndRxTransfer      0x08000469   0x1c  Code  Lc  stm32f4xx_hal_uart.o [1]
UART_EndTxTransfer      0x08000457   0x12  Code  Lc  stm32f4xx_hal_uart.o [1]
UART_Receive_IT         0x08000491   0x8c  Code  Lc  stm32f4xx_hal_uart.o [1]
UART_SetConfig          0x0800051d  0x13a  Code  Lc  stm32f4xx_hal_uart.o [1]
USART1_IRQHandler       0x08001c17    0x6  Code  Gb  stm32f4xx_it.o [1]
_Error_Handler          0x080012e9    0x2  Code  Gb  main.o [1]
__aeabi_ldiv0           0x08001b5d         Code  Gb  I64DivZer.o [5]
__aeabi_uldivmod        0x08001321         Code  Gb  I64DivMod.o [5]
__cmain                 0x08001ce1         Code  Gb  cmain.o [5]
__exit                  0x08001d11   0x14  Code  Gb  exit.o [6]
__iar_copy_init3        0x08001c45   0x2c  Code  Gb  copy_init3.o [5]
__iar_data_init3        0x08001c71   0x28  Code  Gb  data_init.o [5]
__iar_init_vfp          0x08001c99         Code  Gb  fpinit_M.o [4]
__iar_program_start     0x08001d35         Code  Gb  cstartup_M.o [5]
__iar_systems$$module {Abs}
                        0x00000001         Data  Gb  command line/config [2]
__iar_zero_init3        0x08001bc5   0x40  Code  Gb  zero_init3.o [5]
__low_level_init        0x08001cfb    0x4  Code  Gb  low_level_init.o [3]
__vector_table          0x08000000         Data  Gb  startup_stm32f407xx.o [1]
_call_main              0x08001ced         Code  Gb  cmain.o [5]
_exit                   0x08001d05         Code  Gb  cexit.o [5]
_main                   0x08001cf7         Code  Gb  cmain.o [5]
aa                      0x2000008c    0xc  Data  Gb  main.o [1]
exit                    0x08001cff    0x4  Code  Gb  exit.o [3]
hadc1                   0x20000004   0x48  Data  Gb  main.o [1]
hdma_adc1               0x20000098   0x60  Data  Gb  main.o [1]
hdma_usart1_tx          0x200000f8   0x60  Data  Gb  main.o [1]
huart1                  0x2000004c   0x40  Data  Gb  main.o [1]
main                    0x08001091  0x180  Code  Gb  main.o [1]
uwTick                  0x20000158    0x4  Data  Gb  stm32f4xx_hal.o [1]


[1] = C:\Users\Selim-Pc\Documents\STM32-WORKING\working\dma_read_adc_uart\dma_read_adc_uart\EWARM\dma_read_adc_uart\Obj
[2] = command line
[3] = dl7M_tlf.a
[4] = m7M_tls.a
[5] = rt7M_tl.a
[6] = shb_l.a

  7 786 bytes of readonly  code memory
     50 bytes of readonly  data memory
  1 372 bytes of readwrite data memory

Errors: none
Warnings: none
