###############################################################################
#
# IAR ELF Linker V8.11.3.13950/W32 for ARM                05/Dec/2017  21:28:00
# Copyright 2007-2017 IAR Systems AB.
#
#    Output file  =  
#        C:\Users\Selim-Pc\Documents\STM32-WORKING\working\external_it_led\EWARM\external_it_led\Exe\external_it_led.out
#    Map file     =  
#        C:\Users\Selim-Pc\Documents\STM32-WORKING\working\external_it_led\EWARM\external_it_led\List\external_it_led.map
#    Command line =  
#        -f C:\Users\Selim-Pc\AppData\Local\Temp\EWDA13.tmp
#        (C:\Users\Selim-Pc\Documents\STM32-WORKING\working\external_it_led\EWARM\external_it_led\Obj\main.o
#        C:\Users\Selim-Pc\Documents\STM32-WORKING\working\external_it_led\EWARM\external_it_led\Obj\startup_stm32f407xx.o
#        C:\Users\Selim-Pc\Documents\STM32-WORKING\working\external_it_led\EWARM\external_it_led\Obj\stm32f4xx_hal.o
#        C:\Users\Selim-Pc\Documents\STM32-WORKING\working\external_it_led\EWARM\external_it_led\Obj\stm32f4xx_hal_cortex.o
#        C:\Users\Selim-Pc\Documents\STM32-WORKING\working\external_it_led\EWARM\external_it_led\Obj\stm32f4xx_hal_dma.o
#        C:\Users\Selim-Pc\Documents\STM32-WORKING\working\external_it_led\EWARM\external_it_led\Obj\stm32f4xx_hal_dma_ex.o
#        C:\Users\Selim-Pc\Documents\STM32-WORKING\working\external_it_led\EWARM\external_it_led\Obj\stm32f4xx_hal_flash.o
#        C:\Users\Selim-Pc\Documents\STM32-WORKING\working\external_it_led\EWARM\external_it_led\Obj\stm32f4xx_hal_flash_ex.o
#        C:\Users\Selim-Pc\Documents\STM32-WORKING\working\external_it_led\EWARM\external_it_led\Obj\stm32f4xx_hal_flash_ramfunc.o
#        C:\Users\Selim-Pc\Documents\STM32-WORKING\working\external_it_led\EWARM\external_it_led\Obj\stm32f4xx_hal_gpio.o
#        C:\Users\Selim-Pc\Documents\STM32-WORKING\working\external_it_led\EWARM\external_it_led\Obj\stm32f4xx_hal_msp.o
#        C:\Users\Selim-Pc\Documents\STM32-WORKING\working\external_it_led\EWARM\external_it_led\Obj\stm32f4xx_hal_pwr.o
#        C:\Users\Selim-Pc\Documents\STM32-WORKING\working\external_it_led\EWARM\external_it_led\Obj\stm32f4xx_hal_pwr_ex.o
#        C:\Users\Selim-Pc\Documents\STM32-WORKING\working\external_it_led\EWARM\external_it_led\Obj\stm32f4xx_hal_rcc.o
#        C:\Users\Selim-Pc\Documents\STM32-WORKING\working\external_it_led\EWARM\external_it_led\Obj\stm32f4xx_hal_rcc_ex.o
#        C:\Users\Selim-Pc\Documents\STM32-WORKING\working\external_it_led\EWARM\external_it_led\Obj\stm32f4xx_hal_tim.o
#        C:\Users\Selim-Pc\Documents\STM32-WORKING\working\external_it_led\EWARM\external_it_led\Obj\stm32f4xx_hal_tim_ex.o
#        C:\Users\Selim-Pc\Documents\STM32-WORKING\working\external_it_led\EWARM\external_it_led\Obj\stm32f4xx_it.o
#        C:\Users\Selim-Pc\Documents\STM32-WORKING\working\external_it_led\EWARM\external_it_led\Obj\system_stm32f4xx.o
#        --redirect _Printf=_PrintfFull --redirect _Scanf=_ScanfFull -o
#        C:\Users\Selim-Pc\Documents\STM32-WORKING\working\external_it_led\EWARM\external_it_led\Exe\external_it_led.out
#        --map
#        C:\Users\Selim-Pc\Documents\STM32-WORKING\working\external_it_led\EWARM\external_it_led\List\external_it_led.map
#        --config
#        C:\Users\Selim-Pc\Documents\STM32-WORKING\working\external_it_led\EWARM/stm32f407xx_flash.icf
#        --semihosting --entry __iar_program_start --vfe --text_out locale)
#
###############################################################################

*******************************************************************************
*** RUNTIME MODEL ATTRIBUTES
***

CppFlavor       = *
__SystemLibrary = DLib
__dlib_version  = 6


*******************************************************************************
*** HEAP SELECTION
***

The basic heap was selected because some modules are built with
size limitations (and not runtime checking), and --advanced_heap
was not specified.


*******************************************************************************
*** PLACEMENT SUMMARY
***

"A0":  place at 0x08000000 { ro section .intvec };
"P1":  place in [from 0x08000000 to 0x080fffff] { ro };
define block CSTACK with size = 1K, alignment = 8 { };
define block HEAP with size = 512, alignment = 8 { };
"P2":  place in [from 0x20000000 to 0x2001ffff] {
          rw, block CSTACK, block HEAP };
initialize by copy { rw };

  Section            Kind        Address   Size  Object
  -------            ----        -------   ----  ------
"A0":                                     0x188
  .intvec            ro code  0x08000000  0x188  startup_stm32f407xx.o [1]
                            - 0x08000188  0x188

"P1":                                     0xd70
  .text              ro code  0x08000188  0x2d4  stm32f4xx_hal_rcc.o [1]
  .text              ro code  0x0800045c    0xc  stm32f4xx_hal.o [1]
  .text              ro code  0x08000468  0x202  stm32f4xx_hal_gpio.o [1]
  .text              ro code  0x0800066c  0x178  stm32f4xx_hal_rcc.o [1]
  .text              ro code  0x080007e4   0x28  stm32f4xx_hal.o [1]
  .text              ro code  0x0800080c   0xee  I64DivMod.o [5]
  .text              ro code  0x080008fc   0xe6  stm32f4xx_hal_cortex.o [1]
  .text              ro code  0x080009e4    0x2  I64DivZer.o [5]
  .text              ro code  0x080009e8  0x15c  main.o [1]
  .text              ro code  0x08000b44   0x34  stm32f4xx_hal.o [1]
  .text              ro code  0x08000b78   0x60  stm32f4xx_hal_msp.o [1]
  .text              ro code  0x08000bd8   0x62  stm32f4xx_it.o [1]
  .text              ro code  0x08000c3c   0x10  stm32f4xx_hal.o [1]
  .text              ro code  0x08000c4c   0x60  system_stm32f4xx.o [1]
  .text              ro code  0x08000cac   0x2c  copy_init3.o [5]
  .text              ro code  0x08000cd8   0x28  data_init.o [5]
  .text              ro code  0x08000d00   0x22  fpinit_M.o [4]
  .iar.init_table    const    0x08000d24   0x14  - Linker created -
  .text              ro code  0x08000d38   0x1a  cmain.o [5]
  .text              ro code  0x08000d52    0x4  low_level_init.o [3]
  .text              ro code  0x08000d56    0x4  exit.o [3]
  .text              ro code  0x08000d5c    0xa  cexit.o [5]
  .text              ro code  0x08000d68   0x14  exit.o [6]
  .text              ro code  0x08000d7c   0x10  startup_stm32f407xx.o [1]
  .text              ro code  0x08000d8c    0xc  cstartup_M.o [5]
  Initializer bytes  const    0x08000d98    0x8  <for P2-1>
  .text              ro code  0x08000da0    0x4  startup_stm32f407xx.o [1]
  .text              ro code  0x08000da4    0x4  startup_stm32f407xx.o [1]
  .text              ro code  0x08000da8    0x4  startup_stm32f407xx.o [1]
  .text              ro code  0x08000dac    0x4  startup_stm32f407xx.o [1]
  .text              ro code  0x08000db0    0x4  startup_stm32f407xx.o [1]
  .text              ro code  0x08000db4    0x4  startup_stm32f407xx.o [1]
  .text              ro code  0x08000db8    0x4  startup_stm32f407xx.o [1]
  .text              ro code  0x08000dbc    0x4  startup_stm32f407xx.o [1]
  .text              ro code  0x08000dc0    0x4  startup_stm32f407xx.o [1]
  .text              ro code  0x08000dc4    0x4  startup_stm32f407xx.o [1]
  .text              ro code  0x08000dc8    0x4  startup_stm32f407xx.o [1]
  .text              ro code  0x08000dcc    0x4  startup_stm32f407xx.o [1]
  .text              ro code  0x08000dd0    0x4  startup_stm32f407xx.o [1]
  .text              ro code  0x08000dd4    0x4  startup_stm32f407xx.o [1]
  .text              ro code  0x08000dd8    0x4  startup_stm32f407xx.o [1]
  .text              ro code  0x08000ddc    0x4  startup_stm32f407xx.o [1]
  .text              ro code  0x08000de0    0x4  startup_stm32f407xx.o [1]
  .text              ro code  0x08000de4    0x4  startup_stm32f407xx.o [1]
  .text              ro code  0x08000de8    0x4  startup_stm32f407xx.o [1]
  .text              ro code  0x08000dec    0x4  startup_stm32f407xx.o [1]
  .text              ro code  0x08000df0    0x4  startup_stm32f407xx.o [1]
  .text              ro code  0x08000df4    0x4  startup_stm32f407xx.o [1]
  .text              ro code  0x08000df8    0x4  startup_stm32f407xx.o [1]
  .text              ro code  0x08000dfc    0x4  startup_stm32f407xx.o [1]
  .text              ro code  0x08000e00    0x4  startup_stm32f407xx.o [1]
  .text              ro code  0x08000e04    0x4  startup_stm32f407xx.o [1]
  .text              ro code  0x08000e08    0x4  startup_stm32f407xx.o [1]
  .text              ro code  0x08000e0c    0x4  startup_stm32f407xx.o [1]
  .text              ro code  0x08000e10    0x4  startup_stm32f407xx.o [1]
  .text              ro code  0x08000e14    0x4  startup_stm32f407xx.o [1]
  .text              ro code  0x08000e18    0x4  startup_stm32f407xx.o [1]
  .text              ro code  0x08000e1c    0x4  startup_stm32f407xx.o [1]
  .text              ro code  0x08000e20    0x4  startup_stm32f407xx.o [1]
  .text              ro code  0x08000e24    0x4  startup_stm32f407xx.o [1]
  .text              ro code  0x08000e28    0x4  startup_stm32f407xx.o [1]
  .text              ro code  0x08000e2c    0x4  startup_stm32f407xx.o [1]
  .text              ro code  0x08000e30    0x4  startup_stm32f407xx.o [1]
  .text              ro code  0x08000e34    0x4  startup_stm32f407xx.o [1]
  .text              ro code  0x08000e38    0x4  startup_stm32f407xx.o [1]
  .text              ro code  0x08000e3c    0x4  startup_stm32f407xx.o [1]
  .text              ro code  0x08000e40    0x4  startup_stm32f407xx.o [1]
  .text              ro code  0x08000e44    0x4  startup_stm32f407xx.o [1]
  .text              ro code  0x08000e48    0x4  startup_stm32f407xx.o [1]
  .text              ro code  0x08000e4c    0x4  startup_stm32f407xx.o [1]
  .text              ro code  0x08000e50    0x4  startup_stm32f407xx.o [1]
  .text              ro code  0x08000e54    0x4  startup_stm32f407xx.o [1]
  .text              ro code  0x08000e58    0x4  startup_stm32f407xx.o [1]
  .text              ro code  0x08000e5c    0x4  startup_stm32f407xx.o [1]
  .text              ro code  0x08000e60    0x4  startup_stm32f407xx.o [1]
  .text              ro code  0x08000e64    0x4  startup_stm32f407xx.o [1]
  .text              ro code  0x08000e68    0x4  startup_stm32f407xx.o [1]
  .text              ro code  0x08000e6c    0x4  startup_stm32f407xx.o [1]
  .text              ro code  0x08000e70    0x4  startup_stm32f407xx.o [1]
  .text              ro code  0x08000e74    0x4  startup_stm32f407xx.o [1]
  .text              ro code  0x08000e78    0x4  startup_stm32f407xx.o [1]
  .text              ro code  0x08000e7c    0x4  startup_stm32f407xx.o [1]
  .text              ro code  0x08000e80    0x4  startup_stm32f407xx.o [1]
  .text              ro code  0x08000e84    0x4  startup_stm32f407xx.o [1]
  .text              ro code  0x08000e88    0x4  startup_stm32f407xx.o [1]
  .text              ro code  0x08000e8c    0x4  startup_stm32f407xx.o [1]
  .text              ro code  0x08000e90    0x4  startup_stm32f407xx.o [1]
  .text              ro code  0x08000e94    0x4  startup_stm32f407xx.o [1]
  .text              ro code  0x08000e98    0x4  startup_stm32f407xx.o [1]
  .text              ro code  0x08000e9c    0x4  startup_stm32f407xx.o [1]
  .text              ro code  0x08000ea0    0x4  startup_stm32f407xx.o [1]
  .text              ro code  0x08000ea4    0x4  startup_stm32f407xx.o [1]
  .text              ro code  0x08000ea8    0x4  startup_stm32f407xx.o [1]
  .text              ro code  0x08000eac    0x4  startup_stm32f407xx.o [1]
  .text              ro code  0x08000eb0    0x4  startup_stm32f407xx.o [1]
  .text              ro code  0x08000eb4    0x4  startup_stm32f407xx.o [1]
  .text              ro code  0x08000eb8    0x4  startup_stm32f407xx.o [1]
  .text              ro code  0x08000ebc    0x4  startup_stm32f407xx.o [1]
  .text              ro code  0x08000ec0    0x4  startup_stm32f407xx.o [1]
  .text              ro code  0x08000ec4    0x4  startup_stm32f407xx.o [1]
  .text              ro code  0x08000ec8    0x4  startup_stm32f407xx.o [1]
  .text              ro code  0x08000ecc    0x4  startup_stm32f407xx.o [1]
  .text              ro code  0x08000ed0    0x4  startup_stm32f407xx.o [1]
  .text              ro code  0x08000ed4    0x4  startup_stm32f407xx.o [1]
  .text              ro code  0x08000ed8    0x4  startup_stm32f407xx.o [1]
  .text              ro code  0x08000edc    0x4  startup_stm32f407xx.o [1]
  .text              ro code  0x08000ee0    0x4  startup_stm32f407xx.o [1]
  .text              ro code  0x08000ee4    0x4  startup_stm32f407xx.o [1]
  .text              ro code  0x08000ee8    0x4  startup_stm32f407xx.o [1]
  .text              ro code  0x08000eec    0x4  startup_stm32f407xx.o [1]
  .text              ro code  0x08000ef0    0x4  startup_stm32f407xx.o [1]
  .text              ro code  0x08000ef4    0x4  startup_stm32f407xx.o [1]
  .rodata            const    0x08000ef8    0x0  copy_init3.o [5]
                            - 0x08000ef8  0xd70

"P2", part 1 of 2:                          0x8
  P2-1                        0x20000000    0x8  <Init block>
    .data            inited   0x20000000    0x4  system_stm32f4xx.o [1]
    .bss             inited   0x20000004    0x4  stm32f4xx_hal.o [1]
                            - 0x20000008    0x8

"P2", part 2 of 2:                        0x400
  CSTACK                      0x20000008  0x400  <Block>
    CSTACK           uninit   0x20000008  0x400  <Block tail>
                            - 0x20000408  0x400


*******************************************************************************
*** INIT TABLE
***

          Address     Size
          -------     ----
Copy (__iar_copy_init3)
    1 source range, total size 0x8:
          0x08000d98   0x8
    1 destination range, total size 0x8:
          0x20000000   0x8



*******************************************************************************
*** MODULE SUMMARY
***

    Module                  ro code  ro data  rw data
    ------                  -------  -------  -------
C:\Users\Selim-Pc\Documents\STM32-WORKING\working\external_it_led\EWARM\external_it_led\Obj: [1]
    main.o                      348
    startup_stm32f407xx.o       752
    stm32f4xx_hal.o             120        4        4
    stm32f4xx_hal_cortex.o      230
    stm32f4xx_hal_gpio.o        514
    stm32f4xx_hal_msp.o          96
    stm32f4xx_hal_rcc.o       1 100
    stm32f4xx_it.o               98
    system_stm32f4xx.o           96        4        4
    -------------------------------------------------
    Total:                    3 354        8        8

command line: [2]
    -------------------------------------------------
    Total:

dl7M_tlf.a: [3]
    exit.o                        4
    low_level_init.o              4
    -------------------------------------------------
    Total:                        8

m7M_tls.a: [4]
    fpinit_M.o                   34
    -------------------------------------------------
    Total:                       34

rt7M_tl.a: [5]
    I64DivMod.o                 238
    I64DivZer.o                   2
    cexit.o                      10
    cmain.o                      26
    copy_init3.o                 44
    cstartup_M.o                 12
    data_init.o                  40
    -------------------------------------------------
    Total:                      372

shb_l.a: [6]
    exit.o                       20
    -------------------------------------------------
    Total:                       20

    Gaps                         14        2
    Linker created                        20    1 024
-----------------------------------------------------
    Grand Total:              3 802       30    1 032


*******************************************************************************
*** ENTRY LIST
***

Entry                      Address   Size  Type      Object
-----                      -------   ----  ----      ------
.iar.init_table$$Base   0x08000d24          --   Gb  - Linker created -
.iar.init_table$$Limit  0x08000d38          --   Gb  - Linker created -
?main                   0x08000d39         Code  Gb  cmain.o [5]
AHBPrescTable           0x08000c9c   0x10  Data  Gb  system_stm32f4xx.o [1]
CSTACK$$Base            0x20000008          --   Gb  - Linker created -
CSTACK$$Limit           0x20000408          --   Gb  - Linker created -
EXTI0_IRQHandler        0x08000beb   0x3e  Code  Gb  stm32f4xx_it.o [1]
HAL_GPIO_EXTI_IRQHandler
                        0x08000627   0x10  Code  Gb  stm32f4xx_hal_gpio.o [1]
HAL_GPIO_Init           0x08000469  0x19e  Code  Gb  stm32f4xx_hal_gpio.o [1]
HAL_GPIO_ReadPin        0x08000607    0xc  Code  Gb  stm32f4xx_hal_gpio.o [1]
HAL_GPIO_TogglePin      0x0800061f    0x8  Code  Gb  stm32f4xx_hal_gpio.o [1]
HAL_GPIO_WritePin       0x08000613    0xc  Code  Gb  stm32f4xx_hal_gpio.o [1]
HAL_GetTick             0x0800045d    0xc  Code  Wk  stm32f4xx_hal.o [1]
HAL_IncTick             0x08000c3d   0x10  Code  Wk  stm32f4xx_hal.o [1]
HAL_Init                0x08000b45   0x30  Code  Gb  stm32f4xx_hal.o [1]
HAL_InitTick            0x080007e5   0x28  Code  Wk  stm32f4xx_hal.o [1]
HAL_MspInit             0x08000b79   0x60  Code  Gb  stm32f4xx_hal_msp.o [1]
HAL_NVIC_EnableIRQ      0x0800096f    0xa  Code  Gb  stm32f4xx_hal_cortex.o [1]
HAL_NVIC_SetPriority    0x08000935   0x3a  Code  Gb  stm32f4xx_hal_cortex.o [1]
HAL_NVIC_SetPriorityGrouping
                        0x0800091b   0x1a  Code  Gb  stm32f4xx_hal_cortex.o [1]
HAL_RCC_ClockConfig     0x0800066d   0xfe  Code  Gb  stm32f4xx_hal_rcc.o [1]
HAL_RCC_GetHCLKFreq     0x08000777    0x6  Code  Gb  stm32f4xx_hal_rcc.o [1]
HAL_RCC_OscConfig       0x08000189  0x2d4  Code  Wk  stm32f4xx_hal_rcc.o [1]
HAL_SYSTICK_CLKSourceConfig
                        0x080009ab   0x1a  Code  Gb  stm32f4xx_hal_cortex.o [1]
HAL_SYSTICK_Config      0x08000983   0x28  Code  Gb  stm32f4xx_hal_cortex.o [1]
HAL_SYSTICK_IRQHandler  0x080009dd    0x4  Code  Gb  stm32f4xx_hal_cortex.o [1]
NVIC_SetPriority        0x080008fd   0x1e  Code  Lc  stm32f4xx_hal_cortex.o [1]
PendSV_Handler          0x08000bdb    0x2  Code  Gb  stm32f4xx_it.o [1]
Region$$Table$$Base     0x08000d24          --   Gb  - Linker created -
Region$$Table$$Limit    0x08000d38          --   Gb  - Linker created -
SVC_Handler             0x08000bd9    0x2  Code  Gb  stm32f4xx_it.o [1]
SysTick_Handler         0x08000bdd    0xe  Code  Gb  stm32f4xx_it.o [1]
SystemClock_Config      0x08000a81   0xaa  Code  Gb  main.o [1]
SystemCoreClock         0x20000000    0x4  Data  Gb  system_stm32f4xx.o [1]
SystemInit              0x08000c4d   0x3a  Code  Gb  system_stm32f4xx.o [1]
__aeabi_ldiv0           0x080009e5         Code  Gb  I64DivZer.o [5]
__aeabi_uldivmod        0x0800080d         Code  Gb  I64DivMod.o [5]
__cmain                 0x08000d39         Code  Gb  cmain.o [5]
__exit                  0x08000d69   0x14  Code  Gb  exit.o [6]
__iar_copy_init3        0x08000cad   0x2c  Code  Gb  copy_init3.o [5]
__iar_data_init3        0x08000cd9   0x28  Code  Gb  data_init.o [5]
__iar_init_vfp          0x08000d01         Code  Gb  fpinit_M.o [4]
__iar_program_start     0x08000d8d         Code  Gb  cstartup_M.o [5]
__iar_systems$$module {Abs}
                        0x00000001         Data  Gb  command line/config [2]
__low_level_init        0x08000d53    0x4  Code  Gb  low_level_init.o [3]
__vector_table          0x08000000         Data  Gb  startup_stm32f407xx.o [1]
_call_main              0x08000d45         Code  Gb  cmain.o [5]
_exit                   0x08000d5d         Code  Gb  cexit.o [5]
_main                   0x08000d4f         Code  Gb  cmain.o [5]
exit                    0x08000d57    0x4  Code  Gb  exit.o [3]
main                    0x080009e9   0x98  Code  Gb  main.o [1]
uwTick                  0x20000004    0x4  Data  Gb  stm32f4xx_hal.o [1]


[1] = C:\Users\Selim-Pc\Documents\STM32-WORKING\working\external_it_led\EWARM\external_it_led\Obj
[2] = command line
[3] = dl7M_tlf.a
[4] = m7M_tls.a
[5] = rt7M_tl.a
[6] = shb_l.a

  3 802 bytes of readonly  code memory
     30 bytes of readonly  data memory
  1 032 bytes of readwrite data memory

Errors: none
Warnings: none
